Component: ARM Compiler 5.06 update 6 (build 750) Tool: armlink [4d35ed]

==============================================================================

Section Cross References

    startup_stm32f407xx.o(RESET) refers to startup_stm32f407xx.o(STACK) for __initial_sp
    startup_stm32f407xx.o(RESET) refers to startup_stm32f407xx.o(.text) for Reset_Handler
    startup_stm32f407xx.o(RESET) refers to stm32f4xx_it.o(i.NMI_Handler) for NMI_Handler
    startup_stm32f407xx.o(RESET) refers to stm32f4xx_it.o(i.HardFault_Handler) for HardFault_Handler
    startup_stm32f407xx.o(RESET) refers to stm32f4xx_it.o(i.MemManage_Handler) for MemManage_Handler
    startup_stm32f407xx.o(RESET) refers to stm32f4xx_it.o(i.BusFault_Handler) for BusFault_Handler
    startup_stm32f407xx.o(RESET) refers to stm32f4xx_it.o(i.UsageFault_Handler) for UsageFault_Handler
    startup_stm32f407xx.o(RESET) refers to stm32f4xx_it.o(i.SVC_Handler) for SVC_Handler
    startup_stm32f407xx.o(RESET) refers to stm32f4xx_it.o(i.DebugMon_Handler) for DebugMon_Handler
    startup_stm32f407xx.o(RESET) refers to stm32f4xx_it.o(i.PendSV_Handler) for PendSV_Handler
    startup_stm32f407xx.o(RESET) refers to stm32f4xx_it.o(i.SysTick_Handler) for SysTick_Handler
    startup_stm32f407xx.o(RESET) refers to stm32f4xx_it.o(i.OTG_FS_IRQHandler) for OTG_FS_IRQHandler
    startup_stm32f407xx.o(.text) refers to system_stm32f4xx.o(i.SystemInit) for SystemInit
    startup_stm32f407xx.o(.text) refers to entry.o(.ARM.Collect$$$$00000000) for __main
    main.o(i.AK8963Init) refers to main.o(i.AK8963Write) for AK8963Write
    main.o(i.AK8963Init) refers to stm32f4xx_hal.o(i.HAL_Delay) for HAL_Delay
    main.o(i.AK8963Init) refers to main.o(i.AK8963Read) for AK8963Read
    main.o(i.AK8963Init) refers to dflti.o(.text) for __aeabi_i2d
    main.o(i.AK8963Init) refers to dmul.o(.text) for __aeabi_dmul
    main.o(i.AK8963Init) refers to dadd.o(.text) for __aeabi_dadd
    main.o(i.AK8963Init) refers to d2f.o(.text) for __aeabi_d2f
    main.o(i.AK8963Init) refers to main.o(i.usbSend) for usbSend
    main.o(i.AK8963Init) refers to f2d.o(.text) for __aeabi_f2d
    main.o(i.AK8963Init) refers to printfa.o(i.__0sprintf) for __2sprintf
    main.o(i.AK8963Init) refers to main.o(.bss) for .bss
    main.o(i.AK8963Init) refers to main.o(.data) for .data
    main.o(i.AK8963Read) refers to stm32f4xx_hal_i2c.o(i.HAL_I2C_Mem_Read) for HAL_I2C_Mem_Read
    main.o(i.AK8963Read) refers to printfa.o(i.__0sprintf) for __2sprintf
    main.o(i.AK8963Read) refers to main.o(.bss) for .bss
    main.o(i.AK8963Write) refers to stm32f4xx_hal_i2c.o(i.HAL_I2C_Mem_Write) for HAL_I2C_Mem_Write
    main.o(i.AK8963Write) refers to printfa.o(i.__0sprintf) for __2sprintf
    main.o(i.AK8963Write) refers to main.o(.bss) for .bss
    main.o(i.MPU9250Read) refers to stm32f4xx_hal_i2c.o(i.HAL_I2C_Mem_Read) for HAL_I2C_Mem_Read
    main.o(i.MPU9250Read) refers to printfa.o(i.__0sprintf) for __2sprintf
    main.o(i.MPU9250Read) refers to main.o(.bss) for .bss
    main.o(i.MPU9250Write) refers to stm32f4xx_hal_i2c.o(i.HAL_I2C_Mem_Write) for HAL_I2C_Mem_Write
    main.o(i.MPU9250Write) refers to printfa.o(i.__0sprintf) for __2sprintf
    main.o(i.MPU9250Write) refers to main.o(.bss) for .bss
    main.o(i.MPUInit) refers to main.o(i.MPU9250Write) for MPU9250Write
    main.o(i.MPUInit) refers to stm32f4xx_hal.o(i.HAL_Delay) for HAL_Delay
    main.o(i.MPUInit) refers to main.o(i.MPU9250Read) for MPU9250Read
    main.o(i.MPUSetup) refers to main.o(i.isConnectedMPU9250) for isConnectedMPU9250
    main.o(i.MPUSetup) refers to main.o(i.usbSend) for usbSend
    main.o(i.MPUSetup) refers to main.o(i.MPUInit) for MPUInit
    main.o(i.MPUSetup) refers to main.o(i.isConnectedAK8963) for isConnectedAK8963
    main.o(i.MPUSetup) refers to main.o(i.AK8963Init) for AK8963Init
    main.o(i.MPUSetup) refers to printfa.o(i.__0sprintf) for __2sprintf
    main.o(i.MPUSetup) refers to main.o(.bss) for .bss
    main.o(i.MX_GPIO_Init) refers to memseta.o(.text) for __aeabi_memclr4
    main.o(i.MX_GPIO_Init) refers to stm32f4xx_hal_gpio.o(i.HAL_GPIO_WritePin) for HAL_GPIO_WritePin
    main.o(i.MX_GPIO_Init) refers to stm32f4xx_hal_gpio.o(i.HAL_GPIO_Init) for HAL_GPIO_Init
    main.o(i.MahonyQuaternionUpdate) refers to sqrtf.o(i.__hardfp_sqrtf) for __hardfp_sqrtf
    main.o(i.MahonyQuaternionUpdate) refers to main.o(.bss) for .bss
    main.o(i.MahonyQuaternionUpdate) refers to main.o(.data) for .data
    main.o(i.SystemClock_Config) refers to memseta.o(.text) for __aeabi_memclr4
    main.o(i.SystemClock_Config) refers to stm32f4xx_hal_rcc.o(i.HAL_RCC_OscConfig) for HAL_RCC_OscConfig
    main.o(i.SystemClock_Config) refers to stm32f4xx_hal_rcc.o(i.HAL_RCC_ClockConfig) for HAL_RCC_ClockConfig
    main.o(i.available) refers to main.o(i.MPU9250Read) for MPU9250Read
    main.o(i.calibrateAccelGyro) refers to main.o(i.calibrateMPU9250) for calibrateMPU9250
    main.o(i.calibrateAccelGyro) refers to main.o(.bss) for .bss
[...]
    i.USBD_StdDevReq                         0x08003796   Section        0  usbd_ctlreq.o(i.USBD_StdDevReq)
    i.USBD_StdEPReq                          0x080038a8   Section        0  usbd_ctlreq.o(i.USBD_StdEPReq)
    i.USBD_StdItfReq                         0x080039f8   Section        0  usbd_ctlreq.o(i.USBD_StdItfReq)
    i.USB_ActivateEndpoint                   0x08003a48   Section        0  stm32f4xx_ll_usb.o(i.USB_ActivateEndpoint)
    i.USB_ActivateSetup                      0x08003ac8   Section        0  stm32f4xx_ll_usb.o(i.USB_ActivateSetup)
    i.USB_CoreInit                           0x08003afc   Section        0  stm32f4xx_ll_usb.o(i.USB_CoreInit)
    i.USB_CoreReset                          0x08003b70   Section        0  stm32f4xx_ll_usb.o(i.USB_CoreReset)
    USB_CoreReset                            0x08003b71   Thumb Code    50  stm32f4xx_ll_usb.o(i.USB_CoreReset)
    i.USB_DeactivateEndpoint                 0x08003ba8   Section        0  stm32f4xx_ll_usb.o(i.USB_DeactivateEndpoint)
    i.USB_DevConnect                         0x08003c28   Section        0  stm32f4xx_ll_usb.o(i.USB_DevConnect)
    i.USB_DevDisconnect                      0x08003c40   Section        0  stm32f4xx_ll_usb.o(i.USB_DevDisconnect)
    i.USB_DevInit                            0x08003c58   Section        0  stm32f4xx_ll_usb.o(i.USB_DevInit)
    i.USB_DisableGlobalInt                   0x08003de4   Section        0  stm32f4xx_ll_usb.o(i.USB_DisableGlobalInt)
    i.USB_EP0StartXfer                       0x08003df0   Section        0  stm32f4xx_ll_usb.o(i.USB_EP0StartXfer)
    i.USB_EP0_OutStart                       0x08003f08   Section        0  stm32f4xx_ll_usb.o(i.USB_EP0_OutStart)
    i.USB_EPClearStall                       0x08003f60   Section        0  stm32f4xx_ll_usb.o(i.USB_EPClearStall)
    i.USB_EPSetStall                         0x08003fb8   Section        0  stm32f4xx_ll_usb.o(i.USB_EPSetStall)
    i.USB_EPStartXfer                        0x08004010   Section        0  stm32f4xx_ll_usb.o(i.USB_EPStartXfer)
    i.USB_EnableGlobalInt                    0x080041f8   Section        0  stm32f4xx_ll_usb.o(i.USB_EnableGlobalInt)
    i.USB_FlushRxFifo                        0x08004204   Section        0  stm32f4xx_ll_usb.o(i.USB_FlushRxFifo)
    i.USB_FlushTxFifo                        0x08004224   Section        0  stm32f4xx_ll_usb.o(i.USB_FlushTxFifo)
    i.USB_GetDevSpeed                        0x08004248   Section        0  stm32f4xx_ll_usb.o(i.USB_GetDevSpeed)
    i.USB_GetMode                            0x08004262   Section        0  stm32f4xx_ll_usb.o(i.USB_GetMode)
    i.USB_ReadDevAllInEpInterrupt            0x0800426a   Section        0  stm32f4xx_ll_usb.o(i.USB_ReadDevAllInEpInterrupt)
    i.USB_ReadDevAllOutEpInterrupt           0x08004278   Section        0  stm32f4xx_ll_usb.o(i.USB_ReadDevAllOutEpInterrupt)
    i.USB_ReadDevInEPInterrupt               0x08004286   Section        0  stm32f4xx_ll_usb.o(i.USB_ReadDevInEPInterrupt)
    i.USB_ReadDevOutEPInterrupt              0x080042aa   Section        0  stm32f4xx_ll_usb.o(i.USB_ReadDevOutEPInterrupt)
    i.USB_ReadInterrupts                     0x080042ba   Section        0  stm32f4xx_ll_usb.o(i.USB_ReadInterrupts)
    i.USB_ReadPacket                         0x080042c2   Section        0  stm32f4xx_ll_usb.o(i.USB_ReadPacket)
    i.USB_SetCurrentMode                     0x080042de   Section        0  stm32f4xx_ll_usb.o(i.USB_SetCurrentMode)
    i.USB_SetDevAddress                      0x0800430c   Section        0  stm32f4xx_ll_usb.o(i.USB_SetDevAddress)
    i.USB_SetTurnaroundTime                  0x08004330   Section        0  stm32f4xx_ll_usb.o(i.USB_SetTurnaroundTime)
    i.USB_WritePacket                        0x08004418   Section        0  stm32f4xx_ll_usb.o(i.USB_WritePacket)
    i.UsageFault_Handler                     0x0800443c   Section        0  stm32f4xx_it.o(i.UsageFault_Handler)
    i.__0sprintf                             0x08004440   Section        0  printfa.o(i.__0sprintf)
    i.__ARM_fpclassifyf                      0x08004468   Section        0  fpclassifyf.o(i.__ARM_fpclassifyf)
    i.__NVIC_SetPriority                     0x0800448e   Section        0  stm32f4xx_hal_cortex.o(i.__NVIC_SetPriority)
    __NVIC_SetPriority                       0x0800448f   Thumb Code    32  stm32f4xx_hal_cortex.o(i.__NVIC_SetPriority)
    i.__hardfp_asinf                         0x080044b0   Section        0  asinf.o(i.__hardfp_asinf)
    i.__hardfp_atan2f                        0x080045dc   Section        0  atan2f.o(i.__hardfp_atan2f)
    i.__hardfp_sqrt                          0x0800482c   Section        0  sqrt.o(i.__hardfp_sqrt)
    i.__hardfp_sqrtf                         0x080048a6   Section        0  sqrtf.o(i.__hardfp_sqrtf)
    i.__mathlib_flt_infnan                   0x080048e0   Section        0  funder.o(i.__mathlib_flt_infnan)
    i.__mathlib_flt_infnan2                  0x080048e6   Section        0  funder.o(i.__mathlib_flt_infnan2)
    i.__mathlib_flt_invalid                  0x080048ec   Section        0  funder.o(i.__mathlib_flt_invalid)
    i.__mathlib_flt_underflow                0x080048fc   Section        0  funder.o(i.__mathlib_flt_underflow)
    i.__scatterload_copy                     0x0800490c   Section       14  handlers.o(i.__scatterload_copy)
    i.__scatterload_null                     0x0800491a   Section        2  handlers.o(i.__scatterload_null)
    i.__scatterload_zeroinit                 0x0800491c   Section       14  handlers.o(i.__scatterload_zeroinit)
    i.__set_errno                            0x0800492c   Section        0  errno.o(i.__set_errno)
    i._fp_digits                             0x08004938   Section        0  printfa.o(i._fp_digits)
    _fp_digits                               0x08004939   Thumb Code   366  printfa.o(i._fp_digits)
    i._printf_core                           0x08004abc   Section        0  printfa.o(i._printf_core)
    _printf_core                             0x08004abd   Thumb Code  1744  printfa.o(i._printf_core)
    i._printf_post_padding                   0x08005198   Section        0  printfa.o(i._printf_post_padding)
    _printf_post_padding                     0x08005199   Thumb Code    36  printfa.o(i._printf_post_padding)
    i._printf_pre_padding                    0x080051bc   Section        0  printfa.o(i._printf_pre_padding)
    _printf_pre_padding                      0x080051bd   Thumb Code    46  printfa.o(i._printf_pre_padding)
    i._sputc                                 0x080051ea   Section        0  printfa.o(i._sputc)
    _sputc                                   0x080051eb   Thumb Code    10  printfa.o(i._sputc)
    i.calibrateAccelGyro                     0x080051f4   Section        0  main.o(i.calibrateAccelGyro)
    i.calibrateMPU9250                       0x08005204   Section        0  main.o(i.calibrateMPU9250)
    i.calibrateMag                           0x080055c8   Section        0  main.o(i.calibrateMag)
    i.free                                   0x080055d8   Section        0  malloc.o(i.free)
    i.isConnectedAK8963                      0x08005628   Section        0  main.o(i.isConnectedAK8963)
    i.isConnectedMPU9250                     0x08005654   Section        0  main.o(i.isConnectedMPU9250)
    i.magcalMPU9250                          0x08005680   Section        0  main.o(i.magcalMPU9250)
    i.main                                   0x080059dc   Section        0  main.o(i.main)
    i.malloc                                 0x08005c88   Section        0  malloc.o(i.malloc)
    i.printRawData                           0x08005cf4   Section        0  main.o(i.printRawData)
    i.printRollPitchYaw                      0x08005e9c   Section        0  main.o(i.printRollPitchYaw)
    i.qFilterUpdate                          0x08005f00   Section        0  main.o(i.qFilterUpdate)
    i.readMPU9250Data                        0x080063b4   Section        0  main.o(i.readMPU9250Data)
    i.readMagData                            0x080063fc   Section        0  main.o(i.readMagData)
    i.readTempData                           0x08006438   Section        0  main.o(i.readTempData)
    i.sqrtf                                  0x0800644e   Section        0  sqrtf.o(i.sqrtf)
    i.update                                 0x0800648c   Section        0  main.o(i.update)
    i.updateAccelGyro                        0x08006520   Section        0  main.o(i.updateAccelGyro)
    i.updateMag                              0x080065c8   Section        0  main.o(i.updateMag)
    i.updateRPY                              0x08006668   Section        0  main.o(i.updateRPY)
    i.usbSend                                0x080067e8   Section        0  main.o(i.usbSend)
    i.valInit                                0x08006820   Section        0  main.o(i.valInit)
    .constdata                               0x08006880   Section       14  main.o(.constdata)
    .constdata                               0x0800688e   Section       16  system_stm32f4xx.o(.constdata)
    .constdata                               0x0800689e   Section        8  system_stm32f4xx.o(.constdata)
    .data                                    0x20000000   Section      148  main.o(.data)
    .data                                    0x20000094   Section       28  usbd_desc.o(.data)
    .data                                    0x200000b0   Section       50  usbd_desc.o(.data)
    .data                                    0x200000e4   Section       16  usbd_cdc_if.o(.data)
    .data                                    0x200000f4   Section       12  stm32f4xx_hal.o(.data)
    .data                                    0x20000100   Section        4  system_stm32f4xx.o(.data)
    .data                                    0x20000104   Section        1  usbd_ctlreq.o(.data)
    cfgidx                                   0x20000104   Data           1  usbd_ctlreq.o(.data)
    .data                                    0x20000108   Section      215  usbd_cdc.o(.data)
    USBD_CDC_DeviceQualifierDesc             0x20000108   Data          10  usbd_cdc.o(.data)
    .data                                    0x200001e0   Section       56  usbd_cdc.o(.data)
    .data                                    0x20000218   Section        4  mvars.o(.data)
    .data                                    0x2000021c   Section        4  mvars.o(.data)
    .data                                    0x20000220   Section        4  errno.o(.data)
    _errno                                   0x20000220   Data           4  errno.o(.data)
    .bss                                     0x20000224   Section      283  main.o(.bss)
    .bss                                     0x20000340   Section      668  usb_device.o(.bss)
    .bss                                     0x200005dc   Section     1032  usbd_conf.o(.bss)
    .bss                                     0x200009e4   Section      512  usbd_desc.o(.bss)
    .bss                                     0x20000be4   Section     4096  usbd_cdc_if.o(.bss)
    HEAP                                     0x20001be8   Section      512  startup_stm32f407xx.o(HEAP)
    STACK                                    0x20001de8   Section     1024  startup_stm32f407xx.o(STACK)

    Global Symbols

    Symbol Name                              Value     Ov Type        Size  Object(Section)

    BuildAttributes$$THM_ISAv4$E$P$D$K$B$S$7EM$VFPi3$EXTD16$VFPS$VFMA$PE$A:L22UL41UL21$X:L11$S22US41US21$IEEE1$IW$USESV6$~STKCKD$USESV7$~SHL$OTIME$ROPI$IEEEX$EBA8$MICROLIB$REQ8$PRES8$EABIv2 0x00000000   Number         0  anon$$obj.o ABSOLUTE
    __ARM_use_no_argv                        0x00000000   Number         0  main.o ABSOLUTE
    _printf_a                                0x00000000   Number         0  stubs.o ABSOLUTE
    _printf_c                                0x00000000   Number         0  stubs.o ABSOLUTE
    _printf_charcount                        0x00000000   Number         0  stubs.o ABSOLUTE
    _printf_d                                0x00000000   Number         0  stubs.o ABSOLUTE
    _printf_e                                0x00000000   Number         0  stubs.o ABSOLUTE
    _printf_f                                0x00000000   Number         0  stubs.o ABSOLUTE
    _printf_flags                            0x00000000   Number         0  stubs.o ABSOLUTE
    _printf_fp_dec                           0x00000000   Number         0  stubs.o ABSOLUTE
    _printf_fp_hex                           0x00000000   Number         0  stubs.o ABSOLUTE
    _printf_g                                0x00000000   Number         0  stubs.o ABSOLUTE
    _printf_i                                0x00000000   Number         0  stubs.o ABSOLUTE
    _printf_int_dec                          0x00000000   Number         0  stubs.o ABSOLUTE
    _printf_l                                0x00000000   Number         0  stubs.o ABSOLUTE
    _printf_lc                               0x00000000   Number         0  stubs.o ABSOLUTE
    _printf_ll                               0x00000000   Number         0  stubs.o ABSOLUTE
    _printf_lld                              0x00000000   Number         0  stubs.o ABSOLUTE
    _printf_lli                              0x00000000   Number         0  stubs.o ABSOLUTE
    _printf_llo                              0x00000000   Number         0  stubs.o ABSOLUTE
    _printf_llu                              0x00000000   Number         0  stubs.o ABSOLUTE
    _printf_llx                              0x00000000   Number         0  stubs.o ABSOLUTE
    _printf_longlong_dec                     0x00000000   Number         0  stubs.o ABSOLUTE
    _printf_longlong_hex                     0x00000000   Number         0  stubs.o ABSOLUTE
    _printf_longlong_oct                     0x00000000   Number         0  stubs.o ABSOLUTE
    _printf_ls                               0x00000000   Number         0  stubs.o ABSOLUTE
    _printf_mbtowc                           0x00000000   Number         0  stubs.o ABSOLUTE
    _printf_n                                0x00000000   Number         0  stubs.o ABSOLUTE
    _printf_o                                0x00000000   Number         0  stubs.o ABSOLUTE
    _printf_p                                0x00000000   Number         0  stubs.o ABSOLUTE
    _printf_percent                          0x00000000   Number         0  stubs.o ABSOLUTE
    _printf_pre_padding                      0x00000000   Number         0  stubs.o ABSOLUTE
    _printf_return_value                     0x00000000   Number         0  stubs.o ABSOLUTE
    _printf_s                                0x00000000   Number         0  stubs.o ABSOLUTE
    _printf_sizespec                         0x00000000   Number         0  stubs.o ABSOLUTE
    _printf_str                              0x00000000   Number         0  stubs.o ABSOLUTE
    _printf_truncate_signed                  0x00000000   Number         0  stubs.o ABSOLUTE
    _printf_truncate_unsigned                0x00000000   Number         0  stubs.o ABSOLUTE
    _printf_u                                0x00000000   Number         0  stubs.o ABSOLUTE
    _printf_wc                               0x00000000   Number         0  stubs.o ABSOLUTE
    _printf_wctomb                           0x00000000   Number         0  stubs.o ABSOLUTE
    _printf_widthprec                        0x00000000   Number         0  stubs.o ABSOLUTE
    _printf_x                                0x00000000   Number         0  stubs.o ABSOLUTE
    __cpp_initialize__aeabi_                  - Undefined Weak Reference
    __cxa_finalize                            - Undefined Weak Reference
    _clock_init                               - Undefined Weak Reference
    _microlib_exit                            - Undefined Weak Reference
    __Vectors_Size                           0x00000188   Number         0  startup_stm32f407xx.o ABSOLUTE
    __Vectors                                0x08000000   Data           4  startup_stm32f407xx.o(RESET)
    __Vectors_End                            0x08000188   Data           0  startup_stm32f407xx.o(RESET)
    __main                                   0x08000189   Thumb Code     0  entry.o(.ARM.Collect$$$$00000000)
    _main_stk                                0x08000189   Thumb Code     0  entry2.o(.ARM.Collect$$$$00000001)
    _main_scatterload                        0x0800018d   Thumb Code     0  entry5.o(.ARM.Collect$$$$00000004)
    __main_after_scatterload                 0x08000191   Thumb Code     0  entry5.o(.ARM.Collect$$$$00000004)
    _main_clock                              0x08000191   Thumb Code     0  entry7b.o(.ARM.Collect$$$$00000008)
    _main_cpp_init                           0x08000191   Thumb Code     0  entry8b.o(.ARM.Collect$$$$0000000A)
    _main_init                               0x08000191   Thumb Code     0  entry9a.o(.ARM.Collect$$$$0000000B)
    __rt_final_cpp                           0x08000199   Thumb Code     0  entry10a.o(.ARM.Collect$$$$0000000D)
    __rt_final_exit                          0x08000199   Thumb Code     0  entry11a.o(.ARM.Collect$$$$0000000F)
    Reset_Handler                            0x0800019d   Thumb Code     8  startup_stm32f407xx.o(.text)
    ADC_IRQHandler                           0x080001b7   Thumb Code     0  startup_stm32f407xx.o(.text)
    CAN1_RX0_IRQHandler                      0x080001b7   Thumb Code     0  startup_stm32f407xx.o(.text)
    CAN1_RX1_IRQHandler                      0x080001b7   Thumb Code     0  startup_stm32f407xx.o(.text)
    CAN1_SCE_IRQHandler                      0x080001b7   Thumb Code     0  startup_stm32f407xx.o(.text)
    CAN1_TX_IRQHandler                       0x080001b7   Thumb Code     0  startup_stm32f407xx.o(.text)
    CAN2_RX0_IRQHandler                      0x080001b7   Thumb Code     0  startup_stm32f407xx.o(.text)
    CAN2_RX1_IRQHandler                      0x080001b7   Thumb Code     0  startup_stm32f407xx.o(.text)
    CAN2_SCE_IRQHandler                      0x080001b7   Thumb Code     0  startup_stm32f407xx.o(.text)
    CAN2_TX_IRQHandler                       0x080001b7   Thumb Code     0  startup_stm32f407xx.o(.text)
    DCMI_IRQHandler                          0x080001b7   Thumb Code     0  startup_stm32f407xx.o(.text)
    DMA1_Stream0_IRQHandler                  0x080001b7   Thumb Code     0  startup_stm32f407xx.o(.text)
    DMA1_Stream1_IRQHandler                  0x080001b7   Thumb Code     0  startup_stm32f407xx.o(.text)
    DMA1_Stream2_IRQHandler                  0x080001b7   Thumb Code     0  startup_stm32f407xx.o(.text)
    DMA1_Stream3_IRQHandler                  0x080001b7   Thumb Code     0  startup_stm32f407xx.o(.text)
    DMA1_Stream4_IRQHandler                  0x080001b7   Thumb Code     0  startup_stm32f407xx.o(.text)
    DMA1_Stream5_IRQHandler                  0x080001b7   Thumb Code     0  startup_stm32f407xx.o(.text)
    DMA1_Stream6_IRQHandler                  0x080001b7   Thumb Code     0  startup_stm32f407xx.o(.text)
    DMA1_Stream7_IRQHandler                  0x080001b7   Thumb Code     0  startup_stm32f407xx.o(.text)
    DMA2_Stream0_IRQHandler                  0x080001b7   Thumb Code     0  startup_stm32f407xx.o(.text)
    DMA2_Stream1_IRQHandler                  0x080001b7   Thumb Code     0  startup_stm32f407xx.o(.text)
    DMA2_Stream2_IRQHandler                  0x080001b7   Thumb Code     0  startup_stm32f407xx.o(.text)
    DMA2_Stream3_IRQHandler                  0x080001b7   Thumb Code     0  startup_stm32f407xx.o(.text)
    DMA2_Stream4_IRQHandler                  0x080001b7   Thumb Code     0  startup_stm32f407xx.o(.text)
    DMA2_Stream5_IRQHandler                  0x080001b7   Thumb Code     0  startup_stm32f407xx.o(.text)
    DMA2_Stream6_IRQHandler                  0x080001b7   Thumb Code     0  startup_stm32f407xx.o(.text)
    DMA2_Stream7_IRQHandler                  0x080001b7   Thumb Code     0  startup_stm32f407xx.o(.text)
    ETH_IRQHandler                           0x080001b7   Thumb Code     0  startup_stm32f407xx.o(.text)
    ETH_WKUP_IRQHandler                      0x080001b7   Thumb Code     0  startup_stm32f407xx.o(.text)
    EXTI0_IRQHandler                         0x080001b7   Thumb Code     0  startup_stm32f407xx.o(.text)
    EXTI15_10_IRQHandler                     0x080001b7   Thumb Code     0  startup_stm32f407xx.o(.text)
    EXTI1_IRQHandler                         0x080001b7   Thumb Code     0  startup_stm32f407xx.o(.text)
    EXTI2_IRQHandler                         0x080001b7   Thumb Code     0  startup_stm32f407xx.o(.text)
    EXTI3_IRQHandler                         0x080001b7   Thumb Code     0  startup_stm32f407xx.o(.text)
    EXTI4_IRQHandler                         0x080001b7   Thumb Code     0  startup_stm32f407xx.o(.text)
    EXTI9_5_IRQHandler                       0x080001b7   Thumb Code     0  startup_stm32f407xx.o(.text)
    FLASH_IRQHandler                         0x080001b7   Thumb Code     0  startup_stm32f407xx.o(.text)
    FMC_IRQHandler                           0x080001b7   Thumb Code     0  startup_stm32f407xx.o(.text)
    FPU_IRQHandler                           0x080001b7   Thumb Code     0  startup_stm32f407xx.o(.text)
    HASH_RNG_IRQHandler                      0x080001b7   Thumb Code     0  startup_stm32f407xx.o(.text)
    I2C1_ER_IRQHandler                       0x080001b7   Thumb Code     0  startup_stm32f407xx.o(.text)
    I2C1_EV_IRQHandler                       0x080001b7   Thumb Code     0  startup_stm32f407xx.o(.text)
    I2C2_ER_IRQHandler                       0x080001b7   Thumb Code     0  startup_stm32f407xx.o(.text)
    I2C2_EV_IRQHandler                       0x080001b7   Thumb Code     0  startup_stm32f407xx.o(.text)
    I2C3_ER_IRQHandler                       0x080001b7   Thumb Code     0  startup_stm32f407xx.o(.text)
    I2C3_EV_IRQHandler                       0x080001b7   Thumb Code     0  startup_stm32f407xx.o(.text)
    OTG_FS_WKUP_IRQHandler                   0x080001b7   Thumb Code     0  startup_stm32f407xx.o(.text)
    OTG_HS_EP1_IN_IRQHandler                 0x080001b7   Thumb Code     0  startup_stm32f407xx.o(.text)
    OTG_HS_EP1_OUT_IRQHandler                0x080001b7   Thumb Code     0  startup_stm32f407xx.o(.text)
    OTG_HS_IRQHandler                        0x080001b7   Thumb Code     0  startup_stm32f407xx.o(.text)
    OTG_HS_WKUP_IRQHandler                   0x080001b7   Thumb Code     0  startup_stm32f407xx.o(.text)
    PVD_IRQHandler                           0x080001b7   Thumb Code     0  startup_stm32f407xx.o(.text)
    RCC_IRQHandler                           0x080001b7   Thumb Code     0  startup_stm32f407xx.o(.text)
    RTC_Alarm_IRQHandler                     0x080001b7   Thumb Code     0  startup_stm32f407xx.o(.text)
    RTC_WKUP_IRQHandler                      0x080001b7   Thumb Code     0  startup_stm32f407xx.o(.text)
    SDIO_IRQHandler                          0x080001b7   Thumb Code     0  startup_stm32f407xx.o(.text)
    SPI1_IRQHandler                          0x080001b7   Thumb Code     0  startup_stm32f407xx.o(.text)
    SPI2_IRQHandler                          0x080001b7   Thumb Code     0  startup_stm32f407xx.o(.text)
    SPI3_IRQHandler                          0x080001b7   Thumb Code     0  startup_stm32f407xx.o(.text)
    TAMP_STAMP_IRQHandler                    0x080001b7   Thumb Code     0  startup_stm32f407xx.o(.text)
    TIM1_BRK_TIM9_IRQHandler                 0x080001b7   Thumb Code     0  startup_stm32f407xx.o(.text)
    TIM1_CC_IRQHandler                       0x080001b7   Thumb Code     0  startup_stm32f407xx.o(.text)
    TIM1_TRG_COM_TIM11_IRQHandler            0x080001b7   Thumb Code     0  startup_stm32f407xx.o(.text)
    TIM1_UP_TIM10_IRQHandler                 0x080001b7   Thumb Code     0  startup_stm32f407xx.o(.text)
    TIM2_IRQHandler                          0x080001b7   Thumb Code     0  startup_stm32f407xx.o(.text)
    TIM3_IRQHandler                          0x080001b7   Thumb Code     0  startup_stm32f407xx.o(.text)
    TIM4_IRQHandler                          0x080001b7   Thumb Code     0  startup_stm32f407xx.o(.text)
    TIM5_IRQHandler                          0x080001b7   Thumb Code     0  startup_stm32f407xx.o(.text)
    TIM6_DAC_IRQHandler                      0x080001b7   Thumb Code     0  startup_stm32f407xx.o(.text)
    TIM7_IRQHandler                          0x080001b7   Thumb Code     0  startup_stm32f407xx.o(.text)
    TIM8_BRK_TIM12_IRQHandler                0x080001b7   Thumb Code     0  startup_stm32f407xx.o(.text)
    TIM8_CC_IRQHandler                       0x080001b7   Thumb Code     0  startup_stm32f407xx.o(.text)
    TIM8_TRG_COM_TIM14_IRQHandler            0x080001b7   Thumb Code     0  startup_stm32f407xx.o(.text)
    TIM8_UP_TIM13_IRQHandler                 0x080001b7   Thumb Code     0  startup_stm32f407xx.o(.text)
    UART4_IRQHandler                         0x080001b7   Thumb Code     0  startup_stm32f407xx.o(.text)
    UART5_IRQHandler                         0x080001b7   Thumb Code     0  startup_stm32f407xx.o(.text)
    USART1_IRQHandler                        0x080001b7   Thumb Code     0  startup_stm32f407xx.o(.text)
    USART2_IRQHandler                        0x080001b7   Thumb Code     0  startup_stm32f407xx.o(.text)
    USART3_IRQHandler                        0x080001b7   Thumb Code     0  startup_stm32f407xx.o(.text)
    USART6_IRQHandler                        0x080001b7   Thumb Code     0  startup_stm32f407xx.o(.text)
    WWDG_IRQHandler                          0x080001b7   Thumb Code     0  startup_stm32f407xx.o(.text)
    __aeabi_uldivmod                         0x080001c1   Thumb Code    98  uldiv.o(.text)
    __aeabi_memcpy                           0x08000223   Thumb Code    36  memcpya.o(.text)
    __aeabi_memcpy4                          0x08000223   Thumb Code     0  memcpya.o(.text)
    __aeabi_memcpy8                          0x08000223   Thumb Code     0  memcpya.o(.text)
    __aeabi_memset                           0x08000247   Thumb Code    14  memseta.o(.text)
    __aeabi_memset4                          0x08000247   Thumb Code     0  memseta.o(.text)
    __aeabi_memset8                          0x08000247   Thumb Code     0  memseta.o(.text)
    __aeabi_memclr                           0x08000255   Thumb Code     4  memseta.o(.text)
    __aeabi_memclr4                          0x08000255   Thumb Code     0  memseta.o(.text)
    __aeabi_memclr8                          0x08000255   Thumb Code     0  memseta.o(.text)
    _memset$wrapper                          0x08000259   Thumb Code    18  memseta.o(.text)
    strlen                                   0x0800026b   Thumb Code    14  strlen.o(.text)
    __aeabi_dadd                             0x08000279   Thumb Code   322  dadd.o(.text)
    __aeabi_dsub                             0x080003bb   Thumb Code     6  dadd.o(.text)
    __aeabi_drsub                            0x080003c1   Thumb Code     6  dadd.o(.text)
    __aeabi_dmul                             0x080003c7   Thumb Code   228  dmul.o(.text)
    __aeabi_ddiv                             0x080004ab   Thumb Code   222  ddiv.o(.text)
    __aeabi_i2d                              0x08000589   Thumb Code    34  dflti.o(.text)
    __aeabi_f2d                              0x080005ab   Thumb Code    38  f2d.o(.text)
    __aeabi_d2f                              0x080005d1   Thumb Code    56  d2f.o(.text)
    __aeabi_uidiv                            0x08000609   Thumb Code     0  uidiv.o(.text)
    __aeabi_uidivmod                         0x08000609   Thumb Code    44  uidiv.o(.text)
    __aeabi_llsl                             0x08000635   Thumb Code    30  llshl.o(.text)
    _ll_shift_l                              0x08000635   Thumb Code     0  llshl.o(.text)
    __aeabi_llsr                             0x08000653   Thumb Code    32  llushr.o(.text)
    _ll_ushift_r                             0x08000653   Thumb Code     0  llushr.o(.text)
    __aeabi_lasr                             0x08000673   Thumb Code    36  llsshr.o(.text)
    _ll_sshift_r                             0x08000673   Thumb Code     0  llsshr.o(.text)
    __I$use$fp                               0x08000697   Thumb Code     0  iusefp.o(.text)
    _float_round                             0x08000697   Thumb Code    18  fepilogue.o(.text)
    _float_epilogue                          0x080006a9   Thumb Code    92  fepilogue.o(.text)
    _double_round                            0x08000705   Thumb Code    30  depilogue.o(.text)
    _double_epilogue                         0x08000723   Thumb Code   156  depilogue.o(.text)
    _dsqrt                                   0x080007bf   Thumb Code   162  dsqrt.o(.text)
    __aeabi_d2ulz                            0x08000861   Thumb Code    48  dfixul.o(.text)
    __aeabi_cdrcmple                         0x08000891   Thumb Code    48  cdrcmple.o(.text)
    __scatterload                            0x080008c1   Thumb Code    28  init.o(.text)
    __scatterload_rt2                        0x080008c1   Thumb Code     0  init.o(.text)
    __decompress                             0x080008e5   Thumb Code     0  __dczerorl2.o(.text)
    __decompress1                            0x080008e5   Thumb Code    86  __dczerorl2.o(.text)
    AK8963Init                               0x0800093d   Thumb Code   388  main.o(i.AK8963Init)
    AK8963Read                               0x08000c0d   Thumb Code    50  main.o(i.AK8963Read)
    AK8963Write                              0x08000c5d   Thumb Code    50  main.o(i.AK8963Write)
    BusFault_Handler                         0x08000cad   Thumb Code     2  stm32f4xx_it.o(i.BusFault_Handler)
    CDC_Transmit_FS                          0x08000cf5   Thumb Code    38  usbd_cdc_if.o(i.CDC_Transmit_FS)
    DebugMon_Handler                         0x08000d21   Thumb Code     2  stm32f4xx_it.o(i.DebugMon_Handler)
    Error_Handler                            0x08000d23   Thumb Code     2  main.o(i.Error_Handler)
    HAL_Delay                                0x08000d25   Thumb Code    32  stm32f4xx_hal.o(i.HAL_Delay)
    HAL_GPIO_Init                            0x08000d49   Thumb Code   394  stm32f4xx_hal_gpio.o(i.HAL_GPIO_Init)
    HAL_GPIO_ReadPin                         0x08000f01   Thumb Code    10  stm32f4xx_hal_gpio.o(i.HAL_GPIO_ReadPin)
    HAL_GPIO_WritePin                        0x08000f0b   Thumb Code    10  stm32f4xx_hal_gpio.o(i.HAL_GPIO_WritePin)
    HAL_GetTick                              0x08000f15   Thumb Code     6  stm32f4xx_hal.o(i.HAL_GetTick)
    HAL_I2C_Init                             0x08000f21   Thumb Code   376  stm32f4xx_hal_i2c.o(i.HAL_I2C_Init)
    HAL_I2C_Mem_Read                         0x080010a9   Thumb Code   490  stm32f4xx_hal_i2c.o(i.HAL_I2C_Mem_Read)
    HAL_I2C_Mem_Write                        0x080012a1   Thumb Code   294  stm32f4xx_hal_i2c.o(i.HAL_I2C_Mem_Write)
    HAL_I2C_MspInit                          0x080013d1   Thumb Code    92  stm32f4xx_hal_msp.o(i.HAL_I2C_MspInit)
    HAL_IncTick                              0x08001439   Thumb Code    12  stm32f4xx_hal.o(i.HAL_IncTick)
    HAL_Init                                 0x08001449   Thumb Code    48  stm32f4xx_hal.o(i.HAL_Init)
    HAL_InitTick                             0x0800147d   Thumb Code    54  stm32f4xx_hal.o(i.HAL_InitTick)
    HAL_MspInit                              0x080014bd   Thumb Code    48  stm32f4xx_hal_msp.o(i.HAL_MspInit)
    HAL_NVIC_EnableIRQ                       0x080014f1   Thumb Code    26  stm32f4xx_hal_cortex.o(i.HAL_NVIC_EnableIRQ)
    HAL_NVIC_SetPriority                     0x0800150d   Thumb Code    60  stm32f4xx_hal_cortex.o(i.HAL_NVIC_SetPriority)
    HAL_NVIC_SetPriorityGrouping             0x0800154d   Thumb Code    26  stm32f4xx_hal_cortex.o(i.HAL_NVIC_SetPriorityGrouping)
    HAL_PCDEx_LPM_Callback                   0x08001571   Thumb Code     2  stm32f4xx_hal_pcd_ex.o(i.HAL_PCDEx_LPM_Callback)
    HAL_PCDEx_SetRxFiFo                      0x08001573   Thumb Code     8  stm32f4xx_hal_pcd_ex.o(i.HAL_PCDEx_SetRxFiFo)
    HAL_PCDEx_SetTxFiFo                      0x0800157b   Thumb Code    68  stm32f4xx_hal_pcd_ex.o(i.HAL_PCDEx_SetTxFiFo)
    HAL_PCD_ConnectCallback                  0x080015bf   Thumb Code     8  usbd_conf.o(i.HAL_PCD_ConnectCallback)
    HAL_PCD_DataInStageCallback              0x080015c7   Thumb Code    18  usbd_conf.o(i.HAL_PCD_DataInStageCallback)
    HAL_PCD_DataOutStageCallback             0x080015d9   Thumb Code    20  usbd_conf.o(i.HAL_PCD_DataOutStageCallback)
    HAL_PCD_DisconnectCallback               0x080015ed   Thumb Code     8  usbd_conf.o(i.HAL_PCD_DisconnectCallback)
    HAL_PCD_EP_Close                         0x080015f5   Thumb Code    76  stm32f4xx_hal_pcd.o(i.HAL_PCD_EP_Close)
    HAL_PCD_EP_ClrStall                      0x08001641   Thumb Code    92  stm32f4xx_hal_pcd.o(i.HAL_PCD_EP_ClrStall)
    HAL_PCD_EP_GetRxCount                    0x0800169d   Thumb Code    18  stm32f4xx_hal_pcd.o(i.HAL_PCD_EP_GetRxCount)
    HAL_PCD_EP_Open                          0x080016af   Thumb Code    96  stm32f4xx_hal_pcd.o(i.HAL_PCD_EP_Open)
    HAL_PCD_EP_Receive                       0x0800170f   Thumb Code    72  stm32f4xx_hal_pcd.o(i.HAL_PCD_EP_Receive)
    HAL_PCD_EP_SetStall                      0x08001757   Thumb Code   116  stm32f4xx_hal_pcd.o(i.HAL_PCD_EP_SetStall)
    HAL_PCD_EP_Transmit                      0x080017cb   Thumb Code    64  stm32f4xx_hal_pcd.o(i.HAL_PCD_EP_Transmit)
    HAL_PCD_IRQHandler                       0x0800180d   Thumb Code  1114  stm32f4xx_hal_pcd.o(i.HAL_PCD_IRQHandler)
    HAL_PCD_ISOINIncompleteCallback          0x08001c71   Thumb Code     8  usbd_conf.o(i.HAL_PCD_ISOINIncompleteCallback)
    HAL_PCD_ISOOUTIncompleteCallback         0x08001c79   Thumb Code     8  usbd_conf.o(i.HAL_PCD_ISOOUTIncompleteCallback)
    HAL_PCD_Init                             0x08001c81   Thumb Code   226  stm32f4xx_hal_pcd.o(i.HAL_PCD_Init)
    HAL_PCD_MspInit                          0x08001d65   Thumb Code   122  usbd_conf.o(i.HAL_PCD_MspInit)
    HAL_PCD_ResetCallback                    0x08001de9   Thumb Code    44  usbd_conf.o(i.HAL_PCD_ResetCallback)
    HAL_PCD_ResumeCallback                   0x08001e15   Thumb Code     8  usbd_conf.o(i.HAL_PCD_ResumeCallback)
    HAL_PCD_SOFCallback                      0x08001e1d   Thumb Code     8  usbd_conf.o(i.HAL_PCD_SOFCallback)
    HAL_PCD_SetAddress                       0x08001e25   Thumb Code    40  stm32f4xx_hal_pcd.o(i.HAL_PCD_SetAddress)
    HAL_PCD_SetupStageCallback               0x08001e4d   Thumb Code    14  usbd_conf.o(i.HAL_PCD_SetupStageCallback)
    HAL_PCD_Start                            0x08001e5b   Thumb Code    66  stm32f4xx_hal_pcd.o(i.HAL_PCD_Start)
    HAL_PCD_SuspendCallback                  0x08001e9d   Thumb Code    44  usbd_conf.o(i.HAL_PCD_SuspendCallback)
    HAL_RCC_ClockConfig                      0x08001ecd   Thumb Code   288  stm32f4xx_hal_rcc.o(i.HAL_RCC_ClockConfig)
    HAL_RCC_GetHCLKFreq                      0x08002001   Thumb Code     6  stm32f4xx_hal_rcc.o(i.HAL_RCC_GetHCLKFreq)
    HAL_RCC_GetPCLK1Freq                     0x0800200d   Thumb Code    20  stm32f4xx_hal_rcc.o(i.HAL_RCC_GetPCLK1Freq)
    HAL_RCC_GetSysClockFreq                  0x0800202d   Thumb Code    88  stm32f4xx_hal_rcc.o(i.HAL_RCC_GetSysClockFreq)
    HAL_RCC_OscConfig                        0x0800208d   Thumb Code   834  stm32f4xx_hal_rcc.o(i.HAL_RCC_OscConfig)
    HAL_SYSTICK_Config                       0x080023e9   Thumb Code    40  stm32f4xx_hal_cortex.o(i.HAL_SYSTICK_Config)
    HardFault_Handler                        0x08002411   Thumb Code     2  stm32f4xx_it.o(i.HardFault_Handler)
    MPU9250Read                              0x08002819   Thumb Code    50  main.o(i.MPU9250Read)
    MPU9250Write                             0x08002869   Thumb Code    50  main.o(i.MPU9250Write)
    MPUInit                                  0x080028b9   Thumb Code   220  main.o(i.MPUInit)
    MPUSetup                                 0x080029a5   Thumb Code    74  main.o(i.MPUSetup)
    MX_USB_DEVICE_Init                       0x08002ae5   Thumb Code    66  usb_device.o(i.MX_USB_DEVICE_Init)
    MemManage_Handler                        0x08002b39   Thumb Code     2  stm32f4xx_it.o(i.MemManage_Handler)
    NMI_Handler                              0x08002b3b   Thumb Code     2  stm32f4xx_it.o(i.NMI_Handler)
    OTG_FS_IRQHandler                        0x08002b3d   Thumb Code     6  stm32f4xx_it.o(i.OTG_FS_IRQHandler)
    PendSV_Handler                           0x08002cc7   Thumb Code     2  stm32f4xx_it.o(i.PendSV_Handler)
    SVC_Handler                              0x08002cc9   Thumb Code     2  stm32f4xx_it.o(i.SVC_Handler)
    SysTick_Handler                          0x08002ccb   Thumb Code     4  stm32f4xx_it.o(i.SysTick_Handler)
    SystemClock_Config                       0x08002cd1   Thumb Code   120  main.o(i.SystemClock_Config)
    SystemInit                               0x08002d51   Thumb Code    22  system_stm32f4xx.o(i.SystemInit)
    USBD_CDC_GetDeviceQualifierDescriptor    0x08002e4d   Thumb Code     8  usbd_cdc.o(i.USBD_CDC_GetDeviceQualifierDescriptor)
    USBD_CDC_ReceivePacket                   0x08002f11   Thumb Code    40  usbd_cdc.o(i.USBD_CDC_ReceivePacket)
    USBD_CDC_RegisterInterface               0x08002f39   Thumb Code    16  usbd_cdc.o(i.USBD_CDC_RegisterInterface)
    USBD_CDC_SetRxBuffer                     0x08002f49   Thumb Code    12  usbd_cdc.o(i.USBD_CDC_SetRxBuffer)
    USBD_CDC_SetTxBuffer                     0x08002f55   Thumb Code    16  usbd_cdc.o(i.USBD_CDC_SetTxBuffer)
    USBD_CDC_TransmitPacket                  0x08003011   Thumb Code    54  usbd_cdc.o(i.USBD_CDC_TransmitPacket)
    USBD_ClrClassConfig                      0x08003047   Thumb Code    14  usbd_core.o(i.USBD_ClrClassConfig)
    USBD_CtlContinueRx                       0x08003055   Thumb Code    16  usbd_ioreq.o(i.USBD_CtlContinueRx)
    USBD_CtlContinueSendData                 0x08003065   Thumb Code    16  usbd_ioreq.o(i.USBD_CtlContinueSendData)
    USBD_CtlError                            0x08003075   Thumb Code    22  usbd_ctlreq.o(i.USBD_CtlError)
    USBD_CtlPrepareRx                        0x0800308b   Thumb Code    30  usbd_ioreq.o(i.USBD_CtlPrepareRx)
    USBD_CtlReceiveStatus                    0x080030a9   Thumb Code    22  usbd_ioreq.o(i.USBD_CtlReceiveStatus)
    USBD_CtlSendData                         0x080030bf   Thumb Code    26  usbd_ioreq.o(i.USBD_CtlSendData)
    USBD_CtlSendStatus                       0x080030d9   Thumb Code    22  usbd_ioreq.o(i.USBD_CtlSendStatus)
    USBD_FS_ConfigStrDescriptor              0x080030f1   Thumb Code    16  usbd_desc.o(i.USBD_FS_ConfigStrDescriptor)
    USBD_FS_DeviceDescriptor                 0x08003111   Thumb Code     8  usbd_desc.o(i.USBD_FS_DeviceDescriptor)
    USBD_FS_InterfaceStrDescriptor           0x0800311d   Thumb Code    16  usbd_desc.o(i.USBD_FS_InterfaceStrDescriptor)
    USBD_FS_LangIDStrDescriptor              0x08003141   Thumb Code     8  usbd_desc.o(i.USBD_FS_LangIDStrDescriptor)
    USBD_FS_ManufacturerStrDescriptor        0x0800314d   Thumb Code    16  usbd_desc.o(i.USBD_FS_ManufacturerStrDescriptor)
    USBD_FS_ProductStrDescriptor             0x08003175   Thumb Code    16  usbd_desc.o(i.USBD_FS_ProductStrDescriptor)
    USBD_FS_SerialStrDescriptor              0x080031a1   Thumb Code    48  usbd_desc.o(i.USBD_FS_SerialStrDescriptor)
    USBD_GetString                           0x080032c1   Thumb Code    72  usbd_ctlreq.o(i.USBD_GetString)
    USBD_Get_USB_Status                      0x08003309   Thumb Code    24  usbd_conf.o(i.USBD_Get_USB_Status)
    USBD_Init                                0x08003321   Thumb Code    42  usbd_core.o(i.USBD_Init)
    USBD_LL_ClearStallEP                     0x0800334b   Thumb Code    18  usbd_conf.o(i.USBD_LL_ClearStallEP)
    USBD_LL_CloseEP                          0x0800335d   Thumb Code    18  usbd_conf.o(i.USBD_LL_CloseEP)
    USBD_LL_DataInStage                      0x0800336f   Thumb Code   198  usbd_core.o(i.USBD_LL_DataInStage)
    USBD_LL_DataOutStage                     0x08003435   Thumb Code   130  usbd_core.o(i.USBD_LL_DataOutStage)
    USBD_LL_DevConnected                     0x080034b7   Thumb Code     4  usbd_core.o(i.USBD_LL_DevConnected)
    USBD_LL_DevDisconnected                  0x080034bb   Thumb Code    22  usbd_core.o(i.USBD_LL_DevDisconnected)
    USBD_LL_GetRxDataSize                    0x080034d1   Thumb Code     8  usbd_conf.o(i.USBD_LL_GetRxDataSize)
    USBD_LL_Init                             0x080034d9   Thumb Code    90  usbd_conf.o(i.USBD_LL_Init)
    USBD_LL_IsStallEP                        0x08003539   Thumb Code    32  usbd_conf.o(i.USBD_LL_IsStallEP)
    USBD_LL_IsoINIncomplete                  0x08003559   Thumb Code     4  usbd_core.o(i.USBD_LL_IsoINIncomplete)
    USBD_LL_IsoOUTIncomplete                 0x0800355d   Thumb Code     4  usbd_core.o(i.USBD_LL_IsoOUTIncomplete)
    USBD_LL_OpenEP                           0x08003561   Thumb Code    24  usbd_conf.o(i.USBD_LL_OpenEP)
    USBD_LL_PrepareReceive                   0x08003579   Thumb Code    18  usbd_conf.o(i.USBD_LL_PrepareReceive)
    USBD_LL_Reset                            0x0800358b   Thumb Code    80  usbd_core.o(i.USBD_LL_Reset)
    USBD_LL_Resume                           0x080035db   Thumb Code    12  usbd_core.o(i.USBD_LL_Resume)
    USBD_LL_SOF                              0x080035e7   Thumb Code    24  usbd_core.o(i.USBD_LL_SOF)
    USBD_LL_SetSpeed                         0x080035ff   Thumb Code     6  usbd_core.o(i.USBD_LL_SetSpeed)
    USBD_LL_SetUSBAddress                    0x08003605   Thumb Code    18  usbd_conf.o(i.USBD_LL_SetUSBAddress)
    USBD_LL_SetupStage                       0x08003617   Thumb Code    90  usbd_core.o(i.USBD_LL_SetupStage)
    USBD_LL_StallEP                          0x08003671   Thumb Code    18  usbd_conf.o(i.USBD_LL_StallEP)
    USBD_LL_Start                            0x08003683   Thumb Code    18  usbd_conf.o(i.USBD_LL_Start)
    USBD_LL_Suspend                          0x08003695   Thumb Code    18  usbd_core.o(i.USBD_LL_Suspend)
    USBD_LL_Transmit                         0x080036a7   Thumb Code    18  usbd_conf.o(i.USBD_LL_Transmit)
    USBD_ParseSetupRequest                   0x080036b9   Thumb Code    40  usbd_ctlreq.o(i.USBD_ParseSetupRequest)
    USBD_RegisterClass                       0x080036e1   Thumb Code    16  usbd_core.o(i.USBD_RegisterClass)
    USBD_SetClassConfig                      0x080036f1   Thumb Code    22  usbd_core.o(i.USBD_SetClassConfig)
    USBD_Start                               0x0800378d   Thumb Code    10  usbd_core.o(i.USBD_Start)
    USBD_StdDevReq                           0x08003797   Thumb Code   274  usbd_ctlreq.o(i.USBD_StdDevReq)
    USBD_StdEPReq                            0x080038a9   Thumb Code   336  usbd_ctlreq.o(i.USBD_StdEPReq)
    USBD_StdItfReq                           0x080039f9   Thumb Code    78  usbd_ctlreq.o(i.USBD_StdItfReq)
    USB_ActivateEndpoint                     0x08003a49   Thumb Code   122  stm32f4xx_ll_usb.o(i.USB_ActivateEndpoint)
    USB_ActivateSetup                        0x08003ac9   Thumb Code    52  stm32f4xx_ll_usb.o(i.USB_ActivateSetup)
    USB_CoreInit                             0x08003afd   Thumb Code   112  stm32f4xx_ll_usb.o(i.USB_CoreInit)
    USB_DeactivateEndpoint                   0x08003ba9   Thumb Code   118  stm32f4xx_ll_usb.o(i.USB_DeactivateEndpoint)
    USB_DevConnect                           0x08003c29   Thumb Code    24  stm32f4xx_ll_usb.o(i.USB_DevConnect)
    USB_DevDisconnect                        0x08003c41   Thumb Code    24  stm32f4xx_ll_usb.o(i.USB_DevDisconnect)
    USB_DevInit                              0x08003c59   Thumb Code   378  stm32f4xx_ll_usb.o(i.USB_DevInit)
    USB_DisableGlobalInt                     0x08003de5   Thumb Code    12  stm32f4xx_ll_usb.o(i.USB_DisableGlobalInt)
    USB_EP0StartXfer                         0x08003df1   Thumb Code   276  stm32f4xx_ll_usb.o(i.USB_EP0StartXfer)
    USB_EP0_OutStart                         0x08003f09   Thumb Code    84  stm32f4xx_ll_usb.o(i.USB_EP0_OutStart)
    USB_EPClearStall                         0x08003f61   Thumb Code    88  stm32f4xx_ll_usb.o(i.USB_EPClearStall)
    USB_EPSetStall                           0x08003fb9   Thumb Code    88  stm32f4xx_ll_usb.o(i.USB_EPSetStall)
    USB_EPStartXfer                          0x08004011   Thumb Code   482  stm32f4xx_ll_usb.o(i.USB_EPStartXfer)
    USB_EnableGlobalInt                      0x080041f9   Thumb Code    12  stm32f4xx_ll_usb.o(i.USB_EnableGlobalInt)
    USB_FlushRxFifo                          0x08004205   Thumb Code    28  stm32f4xx_ll_usb.o(i.USB_FlushRxFifo)
    USB_FlushTxFifo                          0x08004225   Thumb Code    32  stm32f4xx_ll_usb.o(i.USB_FlushTxFifo)
    USB_GetDevSpeed                          0x08004249   Thumb Code    26  stm32f4xx_ll_usb.o(i.USB_GetDevSpeed)
    USB_GetMode                              0x08004263   Thumb Code     8  stm32f4xx_ll_usb.o(i.USB_GetMode)
    USB_ReadDevAllInEpInterrupt              0x0800426b   Thumb Code    14  stm32f4xx_ll_usb.o(i.USB_ReadDevAllInEpInterrupt)
    USB_ReadDevAllOutEpInterrupt             0x08004279   Thumb Code    14  stm32f4xx_ll_usb.o(i.USB_ReadDevAllOutEpInterrupt)
    USB_ReadDevInEPInterrupt                 0x08004287   Thumb Code    36  stm32f4xx_ll_usb.o(i.USB_ReadDevInEPInterrupt)
    USB_ReadDevOutEPInterrupt                0x080042ab   Thumb Code    16  stm32f4xx_ll_usb.o(i.USB_ReadDevOutEPInterrupt)
    USB_ReadInterrupts                       0x080042bb   Thumb Code     8  stm32f4xx_ll_usb.o(i.USB_ReadInterrupts)
    USB_ReadPacket                           0x080042c3   Thumb Code    28  stm32f4xx_ll_usb.o(i.USB_ReadPacket)
    USB_SetCurrentMode                       0x080042df   Thumb Code    46  stm32f4xx_ll_usb.o(i.USB_SetCurrentMode)
    USB_SetDevAddress                        0x0800430d   Thumb Code    34  stm32f4xx_ll_usb.o(i.USB_SetDevAddress)
    USB_SetTurnaroundTime                    0x08004331   Thumb Code   158  stm32f4xx_ll_usb.o(i.USB_SetTurnaroundTime)
    USB_WritePacket                          0x08004419   Thumb Code    36  stm32f4xx_ll_usb.o(i.USB_WritePacket)
    UsageFault_Handler                       0x0800443d   Thumb Code     2  stm32f4xx_it.o(i.UsageFault_Handler)
    __0sprintf                               0x08004441   Thumb Code    34  printfa.o(i.__0sprintf)
    __1sprintf                               0x08004441   Thumb Code     0  printfa.o(i.__0sprintf)
    __2sprintf                               0x08004441   Thumb Code     0  printfa.o(i.__0sprintf)
    __c89sprintf                             0x08004441   Thumb Code     0  printfa.o(i.__0sprintf)
    sprintf                                  0x08004441   Thumb Code     0  printfa.o(i.__0sprintf)
    __ARM_fpclassifyf                        0x08004469   Thumb Code    38  fpclassifyf.o(i.__ARM_fpclassifyf)
    __hardfp_asinf                           0x080044b1   Thumb Code   258  asinf.o(i.__hardfp_asinf)
    __hardfp_atan2f                          0x080045dd   Thumb Code   502  atan2f.o(i.__hardfp_atan2f)
    __hardfp_sqrt                            0x0800482d   Thumb Code   122  sqrt.o(i.__hardfp_sqrt)
    __hardfp_sqrtf                           0x080048a7   Thumb Code    58  sqrtf.o(i.__hardfp_sqrtf)
    __mathlib_flt_infnan                     0x080048e1   Thumb Code     6  funder.o(i.__mathlib_flt_infnan)
    __mathlib_flt_infnan2                    0x080048e7   Thumb Code     6  funder.o(i.__mathlib_flt_infnan2)
    __mathlib_flt_invalid                    0x080048ed   Thumb Code    10  funder.o(i.__mathlib_flt_invalid)
    __mathlib_flt_underflow                  0x080048fd   Thumb Code    10  funder.o(i.__mathlib_flt_underflow)
    __scatterload_copy                       0x0800490d   Thumb Code    14  handlers.o(i.__scatterload_copy)
    __scatterload_null                       0x0800491b   Thumb Code     2  handlers.o(i.__scatterload_null)
    __scatterload_zeroinit                   0x0800491d   Thumb Code    14  handlers.o(i.__scatterload_zeroinit)
    __set_errno                              0x0800492d   Thumb Code     6  errno.o(i.__set_errno)
    calibrateAccelGyro                       0x080051f5   Thumb Code     8  main.o(i.calibrateAccelGyro)
    calibrateMPU9250                         0x08005205   Thumb Code   868  main.o(i.calibrateMPU9250)
    calibrateMag                             0x080055c9   Thumb Code    10  main.o(i.calibrateMag)
    free                                     0x080055d9   Thumb Code    76  malloc.o(i.free)
    isConnectedAK8963                        0x08005629   Thumb Code    38  main.o(i.isConnectedAK8963)
    isConnectedMPU9250                       0x08005655   Thumb Code    38  main.o(i.isConnectedMPU9250)
    magcalMPU9250                            0x08005681   Thumb Code   620  main.o(i.magcalMPU9250)
    main                                     0x080059dd   Thumb Code   482  main.o(i.main)
    malloc                                   0x08005c89   Thumb Code    92  malloc.o(i.malloc)
    printRawData                             0x08005cf5   Thumb Code   336  main.o(i.printRawData)
    printRollPitchYaw                        0x08005e9d   Thumb Code    72  main.o(i.printRollPitchYaw)
    qFilterUpdate                            0x08005f01   Thumb Code  1204  main.o(i.qFilterUpdate)
    readMPU9250Data                          0x080063b5   Thumb Code    72  main.o(i.readMPU9250Data)
    readMagData                              0x080063fd   Thumb Code    60  main.o(i.readMagData)
    readTempData                             0x08006439   Thumb Code    22  main.o(i.readTempData)
    sqrtf                                    0x0800644f   Thumb Code    62  sqrtf.o(i.sqrtf)
    update                                   0x0800648d   Thumb Code   124  main.o(i.update)
    updateAccelGyro                          0x08006521   Thumb Code   160  main.o(i.updateAccelGyro)
    updateMag                                0x080065c9   Thumb Code   152  main.o(i.updateMag)
    updateRPY                                0x08006669   Thumb Code   348  main.o(i.updateRPY)
    usbSend                                  0x080067e9   Thumb Code    52  main.o(i.usbSend)
    valInit                                  0x08006821   Thumb Code    72  main.o(i.valInit)
    AHBPrescTable                            0x0800688e   Data          16  system_stm32f4xx.o(.constdata)
    APBPrescTable                            0x0800689e   Data           8  system_stm32f4xx.o(.constdata)
    Region$$Table$$Base                      0x080068a8   Number         0  anon$$obj.o(Region$$Table)
    Region$$Table$$Limit                     0x080068c8   Number         0  anon$$obj.o(Region$$Table)
    tempCount                                0x20000000   Data           2  main.o(.data)
    mRes                                     0x20000004   Data           4  main.o(.data)
    aRes                                     0x20000008   Data           4  main.o(.data)
    gRes                                     0x2000000c   Data           4  main.o(.data)
    deltat                                   0x20000010   Data           4  main.o(.data)
    lastUpdate                               0x20000014   Data           4  main.o(.data)
    Now                                      0x20000018   Data           4  main.o(.data)
    flagMPU                                  0x2000001c   Data           4  main.o(.data)
    b_ahrs                                   0x20000020   Data           4  main.o(.data)
    flagPrint                                0x20000024   Data           4  main.o(.data)
    temperature                              0x20000028   Data           4  main.o(.data)
    pitch                                    0x2000002c   Data           4  main.o(.data)
    yaw                                      0x20000030   Data           4  main.o(.data)
    roll                                     0x20000034   Data           4  main.o(.data)
    a12                                      0x20000038   Data           4  main.o(.data)
    a22                                      0x2000003c   Data           4  main.o(.data)
    a31                                      0x20000040   Data           4  main.o(.data)
    a32                                      0x20000044   Data           4  main.o(.data)
    a33                                      0x20000048   Data           4  main.o(.data)
    lin_ax                                   0x2000004c   Data           4  main.o(.data)
    lin_ay                                   0x20000050   Data           4  main.o(.data)
    lin_az                                   0x20000054   Data           4  main.o(.data)
    beta                                     0x20000058   Data           4  main.o(.data)
    zeta                                     0x2000005c   Data           4  main.o(.data)
    magBias                                  0x20000060   Data          12  main.o(.data)
    magScale                                 0x2000006c   Data          12  main.o(.data)
    gyroBias                                 0x20000078   Data          12  main.o(.data)
    q                                        0x20000084   Data          16  main.o(.data)
    FS_Desc                                  0x20000094   Data          28  usbd_desc.o(.data)
    USBD_LangIDDesc                          0x200000b0   Data           4  usbd_desc.o(.data)
    USBD_FS_DeviceDesc                       0x200000b4   Data          18  usbd_desc.o(.data)
    USBD_StringSerial                        0x200000c8   Data          26  usbd_desc.o(.data)
    USBD_Interface_fops_FS                   0x200000e4   Data          16  usbd_cdc_if.o(.data)
    uwTickFreq                               0x200000f4   Data           1  stm32f4xx_hal.o(.data)
    uwTickPrio                               0x200000f8   Data           4  stm32f4xx_hal.o(.data)
    uwTick                                   0x200000fc   Data           4  stm32f4xx_hal.o(.data)
    SystemCoreClock                          0x20000100   Data           4  system_stm32f4xx.o(.data)
    USBD_CDC_CfgHSDesc                       0x20000114   Data          67  usbd_cdc.o(.data)
    USBD_CDC_CfgFSDesc                       0x20000158   Data          67  usbd_cdc.o(.data)
    USBD_CDC_OtherSpeedCfgDesc               0x2000019c   Data          67  usbd_cdc.o(.data)
    USBD_CDC                                 0x200001e0   Data          56  usbd_cdc.o(.data)
    __microlib_freelist                      0x20000218   Data           4  mvars.o(.data)
    __microlib_freelist_initialised          0x2000021c   Data           4  mvars.o(.data)
    magCalibration                           0x20000224   Data          12  main.o(.bss)
    accelBias                                0x20000230   Data          12  main.o(.bss)
    eInt                                     0x2000023c   Data          12  main.o(.bss)
    hi2c1                                    0x20000248   Data          84  main.o(.bss)
    a                                        0x2000029c   Data          12  main.o(.bss)
    g                                        0x200002a8   Data          12  main.o(.bss)
    m                                        0x200002b4   Data          12  main.o(.bss)
    bufUsb                                   0x200002c0   Data         127  main.o(.bss)
    hUsbDeviceFS                             0x20000340   Data         668  usb_device.o(.bss)
    hpcd_USB_OTG_FS                          0x200005dc   Data        1032  usbd_conf.o(.bss)
    USBD_StrDesc                             0x200009e4   Data         512  usbd_desc.o(.bss)
    UserRxBufferFS                           0x20000be4   Data        2048  usbd_cdc_if.o(.bss)
    UserTxBufferFS                           0x200013e4   Data        2048  usbd_cdc_if.o(.bss)
    __heap_base                              0x20001be8   Data           0  startup_stm32f407xx.o(HEAP)
    __heap_limit                             0x20001de8   Data           0  startup_stm32f407xx.o(HEAP)
    __initial_sp                             0x200021e8   Data           0  startup_stm32f407xx.o(STACK)



==============================================================================

Memory Map of the image

  Image Entry point : 0x08000189

  Load Region LR_IROM1 (Base: 0x08000000, Size: 0x00006aec, Max: 0x00100000, ABSOLUTE, COMPRESSED[0x000069c0])

    Execution Region ER_IROM1 (Exec base: 0x08000000, Load base: 0x08000000, Size: 0x000068c8, Max: 0x00100000, ABSOLUTE)

    Exec Addr    Load Addr    Size         Type   Attr      Idx    E Section Name        Object

    0x08000000   0x08000000   0x00000188   Data   RO            3    RESET               startup_stm32f407xx.o
    0x08000188   0x08000188   0x00000000   Code   RO         3511  * .ARM.Collect$$$$00000000  mc_w.l(entry.o)
    0x08000188   0x08000188   0x00000004   Code   RO         3841    .ARM.Collect$$$$00000001  mc_w.l(entry2.o)
    0x0800018c   0x0800018c   0x00000004   Code   RO         3844    .ARM.Collect$$$$00000004  mc_w.l(entry5.o)
    0x08000190   0x08000190   0x00000000   Code   RO         3846    .ARM.Collect$$$$00000008  mc_w.l(entry7b.o)
    0x08000190   0x08000190   0x00000000   Code   RO         3848    .ARM.Collect$$$$0000000A  mc_w.l(entry8b.o)
    0x08000190   0x08000190   0x00000008   Code   RO         3849    .ARM.Collect$$$$0000000B  mc_w.l(entry9a.o)
    0x08000198   0x08000198   0x00000000   Code   RO         3851    .ARM.Collect$$$$0000000D  mc_w.l(entry10a.o)
    0x08000198   0x08000198   0x00000000   Code   RO         3853    .ARM.Collect$$$$0000000F  mc_w.l(entry11a.o)
    0x08000198   0x08000198   0x00000004   Code   RO         3842    .ARM.Collect$$$$00002712  mc_w.l(entry2.o)
    0x0800019c   0x0800019c   0x00000024   Code   RO            4    .text               startup_stm32f407xx.o
    0x080001c0   0x080001c0   0x00000062   Code   RO         3514    .text               mc_w.l(uldiv.o)
    0x08000222   0x08000222   0x00000024   Code   RO         3516    .text               mc_w.l(memcpya.o)
    0x08000246   0x08000246   0x00000024   Code   RO         3518    .text               mc_w.l(memseta.o)
    0x0800026a   0x0800026a   0x0000000e   Code   RO         3520    .text               mc_w.l(strlen.o)
    0x08000278   0x08000278   0x0000014e   Code   RO         3813    .text               mf_w.l(dadd.o)
    0x080003c6   0x080003c6   0x000000e4   Code   RO         3815    .text               mf_w.l(dmul.o)
    0x080004aa   0x080004aa   0x000000de   Code   RO         3817    .text               mf_w.l(ddiv.o)
    0x08000588   0x08000588   0x00000022   Code   RO         3819    .text               mf_w.l(dflti.o)
    0x080005aa   0x080005aa   0x00000026   Code   RO         3821    .text               mf_w.l(f2d.o)
    0x080005d0   0x080005d0   0x00000038   Code   RO         3823    .text               mf_w.l(d2f.o)
    0x08000608   0x08000608   0x0000002c   Code   RO         3858    .text               mc_w.l(uidiv.o)
    0x08000634   0x08000634   0x0000001e   Code   RO         3860    .text               mc_w.l(llshl.o)
    0x08000652   0x08000652   0x00000020   Code   RO         3862    .text               mc_w.l(llushr.o)
    0x08000672   0x08000672   0x00000024   Code   RO         3864    .text               mc_w.l(llsshr.o)
    0x08000696   0x08000696   0x00000000   Code   RO         3875    .text               mc_w.l(iusefp.o)
    0x08000696   0x08000696   0x0000006e   Code   RO         3876    .text               mf_w.l(fepilogue.o)
    0x08000704   0x08000704   0x000000ba   Code   RO         3878    .text               mf_w.l(depilogue.o)
    0x080007be   0x080007be   0x000000a2   Code   RO         3880    .text               mf_w.l(dsqrt.o)
    0x08000860   0x08000860   0x00000030   Code   RO         3882    .text               mf_w.l(dfixul.o)
    0x08000890   0x08000890   0x00000030   Code   RO         3886    .text               mf_w.l(cdrcmple.o)
    0x080008c0   0x080008c0   0x00000024   Code   RO         3888    .text               mc_w.l(init.o)
    0x080008e4   0x080008e4   0x00000056   Code   RO         3900    .text               mc_w.l(__dczerorl2.o)
    0x0800093a   0x0800093a   0x00000002   PAD
    0x0800093c   0x0800093c   0x000002d0   Code   RO           13    i.AK8963Init        main.o
    0x08000c0c   0x08000c0c   0x00000050   Code   RO           14    i.AK8963Read        main.o
    0x08000c5c   0x08000c5c   0x00000050   Code   RO           15    i.AK8963Write       main.o
    0x08000cac   0x08000cac   0x00000002   Code   RO          766    i.BusFault_Handler  stm32f4xx_it.o
    0x08000cae   0x08000cae   0x00000004   Code   RO          714    i.CDC_Control_FS    usbd_cdc_if.o
    0x08000cb2   0x08000cb2   0x00000004   Code   RO          715    i.CDC_DeInit_FS     usbd_cdc_if.o
    0x08000cb6   0x08000cb6   0x00000002   PAD
    0x08000cb8   0x08000cb8   0x00000024   Code   RO          716    i.CDC_Init_FS       usbd_cdc_if.o
    0x08000cdc   0x08000cdc   0x00000018   Code   RO          717    i.CDC_Receive_FS    usbd_cdc_if.o
    0x08000cf4   0x08000cf4   0x0000002c   Code   RO          718    i.CDC_Transmit_FS   usbd_cdc_if.o
    0x08000d20   0x08000d20   0x00000002   Code   RO          767    i.DebugMon_Handler  stm32f4xx_it.o
    0x08000d22   0x08000d22   0x00000002   Code   RO           16    i.Error_Handler     main.o
    0x08000d24   0x08000d24   0x00000024   Code   RO         2808    i.HAL_Delay         stm32f4xx_hal.o
    0x08000d48   0x08000d48   0x000001b8   Code   RO         2282    i.HAL_GPIO_Init     stm32f4xx_hal_gpio.o
    0x08000f00   0x08000f00   0x0000000a   Code   RO         2284    i.HAL_GPIO_ReadPin  stm32f4xx_hal_gpio.o
    0x08000f0a   0x08000f0a   0x0000000a   Code   RO         2286    i.HAL_GPIO_WritePin  stm32f4xx_hal_gpio.o
    0x08000f14   0x08000f14   0x0000000c   Code   RO         2814    i.HAL_GetTick       stm32f4xx_hal.o
    0x08000f20   0x08000f20   0x00000188   Code   RO         1457    i.HAL_I2C_Init      stm32f4xx_hal_i2c.o
    0x080010a8   0x080010a8   0x000001f8   Code   RO         1475    i.HAL_I2C_Mem_Read  stm32f4xx_hal_i2c.o
    0x080012a0   0x080012a0   0x00000130   Code   RO         1478    i.HAL_I2C_Mem_Write  stm32f4xx_hal_i2c.o
    0x080013d0   0x080013d0   0x00000068   Code   RO          849    i.HAL_I2C_MspInit   stm32f4xx_hal_msp.o
    0x08001438   0x08001438   0x00000010   Code   RO         2820    i.HAL_IncTick       stm32f4xx_hal.o
    0x08001448   0x08001448   0x00000034   Code   RO         2821    i.HAL_Init          stm32f4xx_hal.o
    0x0800147c   0x0800147c   0x00000040   Code   RO         2822    i.HAL_InitTick      stm32f4xx_hal.o
    0x080014bc   0x080014bc   0x00000034   Code   RO          850    i.HAL_MspInit       stm32f4xx_hal_msp.o
    0x080014f0   0x080014f0   0x0000001a   Code   RO         2671    i.HAL_NVIC_EnableIRQ  stm32f4xx_hal_cortex.o
    0x0800150a   0x0800150a   0x00000002   PAD
    0x0800150c   0x0800150c   0x00000040   Code   RO         2677    i.HAL_NVIC_SetPriority  stm32f4xx_hal_cortex.o
    0x0800154c   0x0800154c   0x00000024   Code   RO         2678    i.HAL_NVIC_SetPriorityGrouping  stm32f4xx_hal_cortex.o
    0x08001570   0x08001570   0x00000002   Code   RO         1105    i.HAL_PCDEx_LPM_Callback  stm32f4xx_hal_pcd_ex.o
    0x08001572   0x08001572   0x00000008   Code   RO         1106    i.HAL_PCDEx_SetRxFiFo  stm32f4xx_hal_pcd_ex.o
    0x0800157a   0x0800157a   0x00000044   Code   RO         1107    i.HAL_PCDEx_SetTxFiFo  stm32f4xx_hal_pcd_ex.o
    0x080015be   0x080015be   0x00000008   Code   RO          433    i.HAL_PCD_ConnectCallback  usbd_conf.o
    0x080015c6   0x080015c6   0x00000012   Code   RO          434    i.HAL_PCD_DataInStageCallback  usbd_conf.o
    0x080015d8   0x080015d8   0x00000014   Code   RO          435    i.HAL_PCD_DataOutStageCallback  usbd_conf.o
    0x080015ec   0x080015ec   0x00000008   Code   RO          436    i.HAL_PCD_DisconnectCallback  usbd_conf.o
    0x080015f4   0x080015f4   0x0000004c   Code   RO          893    i.HAL_PCD_EP_Close  stm32f4xx_hal_pcd.o
    0x08001640   0x08001640   0x0000005c   Code   RO          894    i.HAL_PCD_EP_ClrStall  stm32f4xx_hal_pcd.o
    0x0800169c   0x0800169c   0x00000012   Code   RO          896    i.HAL_PCD_EP_GetRxCount  stm32f4xx_hal_pcd.o
    0x080016ae   0x080016ae   0x00000060   Code   RO          897    i.HAL_PCD_EP_Open   stm32f4xx_hal_pcd.o
    0x0800170e   0x0800170e   0x00000048   Code   RO          898    i.HAL_PCD_EP_Receive  stm32f4xx_hal_pcd.o
    0x08001756   0x08001756   0x00000074   Code   RO          899    i.HAL_PCD_EP_SetStall  stm32f4xx_hal_pcd.o
    0x080017ca   0x080017ca   0x00000040   Code   RO          900    i.HAL_PCD_EP_Transmit  stm32f4xx_hal_pcd.o
    0x0800180a   0x0800180a   0x00000002   PAD
    0x0800180c   0x0800180c   0x00000464   Code   RO          902    i.HAL_PCD_IRQHandler  stm32f4xx_hal_pcd.o
    0x08001c70   0x08001c70   0x00000008   Code   RO          437    i.HAL_PCD_ISOINIncompleteCallback  usbd_conf.o
    0x08001c78   0x08001c78   0x00000008   Code   RO          438    i.HAL_PCD_ISOOUTIncompleteCallback  usbd_conf.o
    0x08001c80   0x08001c80   0x000000e2   Code   RO          905    i.HAL_PCD_Init      stm32f4xx_hal_pcd.o
    0x08001d62   0x08001d62   0x00000002   PAD
    0x08001d64   0x08001d64   0x00000084   Code   RO          440    i.HAL_PCD_MspInit   usbd_conf.o
    0x08001de8   0x08001de8   0x0000002c   Code   RO          441    i.HAL_PCD_ResetCallback  usbd_conf.o
    0x08001e14   0x08001e14   0x00000008   Code   RO          442    i.HAL_PCD_ResumeCallback  usbd_conf.o
    0x08001e1c   0x08001e1c   0x00000008   Code   RO          443    i.HAL_PCD_SOFCallback  usbd_conf.o
    0x08001e24   0x08001e24   0x00000028   Code   RO          911    i.HAL_PCD_SetAddress  stm32f4xx_hal_pcd.o
    0x08001e4c   0x08001e4c   0x0000000e   Code   RO          444    i.HAL_PCD_SetupStageCallback  usbd_conf.o
    0x08001e5a   0x08001e5a   0x00000042   Code   RO          913    i.HAL_PCD_Start     stm32f4xx_hal_pcd.o
    0x08001e9c   0x08001e9c   0x00000030   Code   RO          445    i.HAL_PCD_SuspendCallback  usbd_conf.o
    0x08001ecc   0x08001ecc   0x00000134   Code   RO         1928    i.HAL_RCC_ClockConfig  stm32f4xx_hal_rcc.o
    0x08002000   0x08002000   0x0000000c   Code   RO         1933    i.HAL_RCC_GetHCLKFreq  stm32f4xx_hal_rcc.o
    0x0800200c   0x0800200c   0x00000020   Code   RO         1935    i.HAL_RCC_GetPCLK1Freq  stm32f4xx_hal_rcc.o
    0x0800202c   0x0800202c   0x00000060   Code   RO         1937    i.HAL_RCC_GetSysClockFreq  stm32f4xx_hal_rcc.o
    0x0800208c   0x0800208c   0x0000035c   Code   RO         1940    i.HAL_RCC_OscConfig  stm32f4xx_hal_rcc.o
    0x080023e8   0x080023e8   0x00000028   Code   RO         2682    i.HAL_SYSTICK_Config  stm32f4xx_hal_cortex.o
    0x08002410   0x08002410   0x00000002   Code   RO          768    i.HardFault_Handler  stm32f4xx_it.o
    0x08002412   0x08002412   0x0000002e   Code   RO         1499    i.I2C_IsAcknowledgeFailed  stm32f4xx_hal_i2c.o
    0x08002440   0x08002440   0x000000fc   Code   RO         1509    i.I2C_RequestMemoryRead  stm32f4xx_hal_i2c.o
    0x0800253c   0x0800253c   0x000000a8   Code   RO         1510    i.I2C_RequestMemoryWrite  stm32f4xx_hal_i2c.o
    0x080025e4   0x080025e4   0x0000004c   Code   RO         1513    i.I2C_WaitOnBTFFlagUntilTimeout  stm32f4xx_hal_i2c.o
    0x08002630   0x08002630   0x00000068   Code   RO         1514    i.I2C_WaitOnFlagUntilTimeout  stm32f4xx_hal_i2c.o
    0x08002698   0x08002698   0x00000096   Code   RO         1515    i.I2C_WaitOnMasterAddressFlagUntilTimeout  stm32f4xx_hal_i2c.o
    0x0800272e   0x0800272e   0x00000066   Code   RO         1516    i.I2C_WaitOnRXNEFlagUntilTimeout  stm32f4xx_hal_i2c.o
    0x08002794   0x08002794   0x0000004c   Code   RO         1517    i.I2C_WaitOnTXEFlagUntilTimeout  stm32f4xx_hal_i2c.o
    0x080027e0   0x080027e0   0x00000038   Code   RO          628    i.IntToUnicode      usbd_desc.o
    0x08002818   0x08002818   0x00000050   Code   RO           17    i.MPU9250Read       main.o
    0x08002868   0x08002868   0x00000050   Code   RO           18    i.MPU9250Write      main.o
    0x080028b8   0x080028b8   0x000000ec   Code   RO           19    i.MPUInit           main.o
    0x080029a4   0x080029a4   0x000000b0   Code   RO           20    i.MPUSetup          main.o
    0x08002a54   0x08002a54   0x00000090   Code   RO           21    i.MX_GPIO_Init      main.o
    0x08002ae4   0x08002ae4   0x00000054   Code   RO          385    i.MX_USB_DEVICE_Init  usb_device.o
    0x08002b38   0x08002b38   0x00000002   Code   RO          769    i.MemManage_Handler  stm32f4xx_it.o
    0x08002b3a   0x08002b3a   0x00000002   Code   RO          770    i.NMI_Handler       stm32f4xx_it.o
    0x08002b3c   0x08002b3c   0x0000000c   Code   RO          771    i.OTG_FS_IRQHandler  stm32f4xx_it.o
    0x08002b48   0x08002b48   0x000000dc   Code   RO          916    i.PCD_EP_OutXfrComplete_int  stm32f4xx_hal_pcd.o
    0x08002c24   0x08002c24   0x000000a2   Code   RO          917    i.PCD_WriteEmptyTxFifo  stm32f4xx_hal_pcd.o
    0x08002cc6   0x08002cc6   0x00000002   Code   RO          772    i.PendSV_Handler    stm32f4xx_it.o
    0x08002cc8   0x08002cc8   0x00000002   Code   RO          773    i.SVC_Handler       stm32f4xx_it.o
    0x08002cca   0x08002cca   0x00000004   Code   RO          774    i.SysTick_Handler   stm32f4xx_it.o
    0x08002cce   0x08002cce   0x00000002   PAD
    0x08002cd0   0x08002cd0   0x00000080   Code   RO           23    i.SystemClock_Config  main.o
    0x08002d50   0x08002d50   0x0000001c   Code   RO         3060    i.SystemInit        system_stm32f4xx.o
    0x08002d6c   0x08002d6c   0x0000004a   Code   RO         3360    i.USBD_CDC_DataIn   usbd_cdc.o
    0x08002db6   0x08002db6   0x0000002e   Code   RO         3361    i.USBD_CDC_DataOut  usbd_cdc.o
    0x08002de4   0x08002de4   0x00000044   Code   RO         3362    i.USBD_CDC_DeInit   usbd_cdc.o
    0x08002e28   0x08002e28   0x00000024   Code   RO         3363    i.USBD_CDC_EP0_RxReady  usbd_cdc.o
    0x08002e4c   0x08002e4c   0x0000000c   Code   RO         3364    i.USBD_CDC_GetDeviceQualifierDescriptor  usbd_cdc.o
    0x08002e58   0x08002e58   0x0000000c   Code   RO         3365    i.USBD_CDC_GetFSCfgDesc  usbd_cdc.o
    0x08002e64   0x08002e64   0x0000000c   Code   RO         3366    i.USBD_CDC_GetHSCfgDesc  usbd_cdc.o
    0x08002e70   0x08002e70   0x0000000c   Code   RO         3367    i.USBD_CDC_GetOtherSpeedCfgDesc  usbd_cdc.o
    0x08002e7c   0x08002e7c   0x00000094   Code   RO         3368    i.USBD_CDC_Init     usbd_cdc.o
    0x08002f10   0x08002f10   0x00000028   Code   RO         3369    i.USBD_CDC_ReceivePacket  usbd_cdc.o
    0x08002f38   0x08002f38   0x00000010   Code   RO         3370    i.USBD_CDC_RegisterInterface  usbd_cdc.o
    0x08002f48   0x08002f48   0x0000000c   Code   RO         3371    i.USBD_CDC_SetRxBuffer  usbd_cdc.o
    0x08002f54   0x08002f54   0x00000010   Code   RO         3372    i.USBD_CDC_SetTxBuffer  usbd_cdc.o
    0x08002f64   0x08002f64   0x000000ac   Code   RO         3373    i.USBD_CDC_Setup    usbd_cdc.o
    0x08003010   0x08003010   0x00000036   Code   RO         3374    i.USBD_CDC_TransmitPacket  usbd_cdc.o
    0x08003046   0x08003046   0x0000000e   Code   RO         3097    i.USBD_ClrClassConfig  usbd_core.o
    0x08003054   0x08003054   0x00000010   Code   RO         3300    i.USBD_CtlContinueRx  usbd_ioreq.o
    0x08003064   0x08003064   0x00000010   Code   RO         3301    i.USBD_CtlContinueSendData  usbd_ioreq.o
    0x08003074   0x08003074   0x00000016   Code   RO         3235    i.USBD_CtlError     usbd_ctlreq.o
    0x0800308a   0x0800308a   0x0000001e   Code   RO         3302    i.USBD_CtlPrepareRx  usbd_ioreq.o
    0x080030a8   0x080030a8   0x00000016   Code   RO         3303    i.USBD_CtlReceiveStatus  usbd_ioreq.o
    0x080030be   0x080030be   0x0000001a   Code   RO         3304    i.USBD_CtlSendData  usbd_ioreq.o
    0x080030d8   0x080030d8   0x00000016   Code   RO         3305    i.USBD_CtlSendStatus  usbd_ioreq.o
    0x080030ee   0x080030ee   0x00000002   PAD
    0x080030f0   0x080030f0   0x00000020   Code   RO          629    i.USBD_FS_ConfigStrDescriptor  usbd_desc.o
    0x08003110   0x08003110   0x0000000c   Code   RO          630    i.USBD_FS_DeviceDescriptor  usbd_desc.o
    0x0800311c   0x0800311c   0x00000024   Code   RO          631    i.USBD_FS_InterfaceStrDescriptor  usbd_desc.o
    0x08003140   0x08003140   0x0000000c   Code   RO          632    i.USBD_FS_LangIDStrDescriptor  usbd_desc.o
    0x0800314c   0x0800314c   0x00000028   Code   RO          633    i.USBD_FS_ManufacturerStrDescriptor  usbd_desc.o
    0x08003174   0x08003174   0x0000002c   Code   RO          634    i.USBD_FS_ProductStrDescriptor  usbd_desc.o
    0x080031a0   0x080031a0   0x00000038   Code   RO          635    i.USBD_FS_SerialStrDescriptor  usbd_desc.o
    0x080031d8   0x080031d8   0x000000e8   Code   RO         3236    i.USBD_GetDescriptor  usbd_ctlreq.o
    0x080032c0   0x080032c0   0x00000048   Code   RO         3237    i.USBD_GetString    usbd_ctlreq.o
    0x08003308   0x08003308   0x00000018   Code   RO          446    i.USBD_Get_USB_Status  usbd_conf.o
    0x08003320   0x08003320   0x0000002a   Code   RO         3099    i.USBD_Init         usbd_core.o
    0x0800334a   0x0800334a   0x00000012   Code   RO          447    i.USBD_LL_ClearStallEP  usbd_conf.o
    0x0800335c   0x0800335c   0x00000012   Code   RO          448    i.USBD_LL_CloseEP   usbd_conf.o
    0x0800336e   0x0800336e   0x000000c6   Code   RO         3100    i.USBD_LL_DataInStage  usbd_core.o
    0x08003434   0x08003434   0x00000082   Code   RO         3101    i.USBD_LL_DataOutStage  usbd_core.o
    0x080034b6   0x080034b6   0x00000004   Code   RO         3102    i.USBD_LL_DevConnected  usbd_core.o
    0x080034ba   0x080034ba   0x00000016   Code   RO         3103    i.USBD_LL_DevDisconnected  usbd_core.o
    0x080034d0   0x080034d0   0x00000008   Code   RO          452    i.USBD_LL_GetRxDataSize  usbd_conf.o
    0x080034d8   0x080034d8   0x00000060   Code   RO          453    i.USBD_LL_Init      usbd_conf.o
    0x08003538   0x08003538   0x00000020   Code   RO          454    i.USBD_LL_IsStallEP  usbd_conf.o
    0x08003558   0x08003558   0x00000004   Code   RO         3104    i.USBD_LL_IsoINIncomplete  usbd_core.o
    0x0800355c   0x0800355c   0x00000004   Code   RO         3105    i.USBD_LL_IsoOUTIncomplete  usbd_core.o
    0x08003560   0x08003560   0x00000018   Code   RO          455    i.USBD_LL_OpenEP    usbd_conf.o
    0x08003578   0x08003578   0x00000012   Code   RO          456    i.USBD_LL_PrepareReceive  usbd_conf.o
    0x0800358a   0x0800358a   0x00000050   Code   RO         3106    i.USBD_LL_Reset     usbd_core.o
    0x080035da   0x080035da   0x0000000c   Code   RO         3107    i.USBD_LL_Resume    usbd_core.o
    0x080035e6   0x080035e6   0x00000018   Code   RO         3108    i.USBD_LL_SOF       usbd_core.o
    0x080035fe   0x080035fe   0x00000006   Code   RO         3109    i.USBD_LL_SetSpeed  usbd_core.o
    0x08003604   0x08003604   0x00000012   Code   RO          457    i.USBD_LL_SetUSBAddress  usbd_conf.o
    0x08003616   0x08003616   0x0000005a   Code   RO         3110    i.USBD_LL_SetupStage  usbd_core.o
    0x08003670   0x08003670   0x00000012   Code   RO          458    i.USBD_LL_StallEP   usbd_conf.o
    0x08003682   0x08003682   0x00000012   Code   RO          459    i.USBD_LL_Start     usbd_conf.o
    0x08003694   0x08003694   0x00000012   Code   RO         3111    i.USBD_LL_Suspend   usbd_core.o
    0x080036a6   0x080036a6   0x00000012   Code   RO          461    i.USBD_LL_Transmit  usbd_conf.o
    0x080036b8   0x080036b8   0x00000028   Code   RO         3238    i.USBD_ParseSetupRequest  usbd_ctlreq.o
    0x080036e0   0x080036e0   0x00000010   Code   RO         3112    i.USBD_RegisterClass  usbd_core.o
    0x080036f0   0x080036f0   0x00000016   Code   RO         3114    i.USBD_SetClassConfig  usbd_core.o
    0x08003706   0x08003706   0x00000002   PAD
    0x08003708   0x08003708   0x00000084   Code   RO         3239    i.USBD_SetConfig    usbd_ctlreq.o
    0x0800378c   0x0800378c   0x0000000a   Code   RO         3115    i.USBD_Start        usbd_core.o
    0x08003796   0x08003796   0x00000112   Code   RO         3240    i.USBD_StdDevReq    usbd_ctlreq.o
    0x080038a8   0x080038a8   0x00000150   Code   RO         3241    i.USBD_StdEPReq     usbd_ctlreq.o
    0x080039f8   0x080039f8   0x0000004e   Code   RO         3242    i.USBD_StdItfReq    usbd_ctlreq.o
    0x08003a46   0x08003a46   0x00000002   PAD
    0x08003a48   0x08003a48   0x00000080   Code   RO         1147    i.USB_ActivateEndpoint  stm32f4xx_ll_usb.o
    0x08003ac8   0x08003ac8   0x00000034   Code   RO         1149    i.USB_ActivateSetup  stm32f4xx_ll_usb.o
    0x08003afc   0x08003afc   0x00000074   Code   RO         1151    i.USB_CoreInit      stm32f4xx_ll_usb.o
    0x08003b70   0x08003b70   0x00000038   Code   RO         1152    i.USB_CoreReset     stm32f4xx_ll_usb.o
    0x08003ba8   0x08003ba8   0x00000080   Code   RO         1155    i.USB_DeactivateEndpoint  stm32f4xx_ll_usb.o
    0x08003c28   0x08003c28   0x00000018   Code   RO         1156    i.USB_DevConnect    stm32f4xx_ll_usb.o
    0x08003c40   0x08003c40   0x00000018   Code   RO         1157    i.USB_DevDisconnect  stm32f4xx_ll_usb.o
    0x08003c58   0x08003c58   0x0000018c   Code   RO         1158    i.USB_DevInit       stm32f4xx_ll_usb.o
    0x08003de4   0x08003de4   0x0000000c   Code   RO         1159    i.USB_DisableGlobalInt  stm32f4xx_ll_usb.o
    0x08003df0   0x08003df0   0x00000118   Code   RO         1162    i.USB_EP0StartXfer  stm32f4xx_ll_usb.o
    0x08003f08   0x08003f08   0x00000058   Code   RO         1163    i.USB_EP0_OutStart  stm32f4xx_ll_usb.o
    0x08003f60   0x08003f60   0x00000058   Code   RO         1164    i.USB_EPClearStall  stm32f4xx_ll_usb.o
    0x08003fb8   0x08003fb8   0x00000058   Code   RO         1165    i.USB_EPSetStall    stm32f4xx_ll_usb.o
    0x08004010   0x08004010   0x000001e8   Code   RO         1166    i.USB_EPStartXfer   stm32f4xx_ll_usb.o
    0x080041f8   0x080041f8   0x0000000c   Code   RO         1167    i.USB_EnableGlobalInt  stm32f4xx_ll_usb.o
    0x08004204   0x08004204   0x00000020   Code   RO         1168    i.USB_FlushRxFifo   stm32f4xx_ll_usb.o
    0x08004224   0x08004224   0x00000024   Code   RO         1169    i.USB_FlushTxFifo   stm32f4xx_ll_usb.o
    0x08004248   0x08004248   0x0000001a   Code   RO         1171    i.USB_GetDevSpeed   stm32f4xx_ll_usb.o
    0x08004262   0x08004262   0x00000008   Code   RO         1173    i.USB_GetMode       stm32f4xx_ll_usb.o
    0x0800426a   0x0800426a   0x0000000e   Code   RO         1180    i.USB_ReadDevAllInEpInterrupt  stm32f4xx_ll_usb.o
    0x08004278   0x08004278   0x0000000e   Code   RO         1181    i.USB_ReadDevAllOutEpInterrupt  stm32f4xx_ll_usb.o
    0x08004286   0x08004286   0x00000024   Code   RO         1182    i.USB_ReadDevInEPInterrupt  stm32f4xx_ll_usb.o
    0x080042aa   0x080042aa   0x00000010   Code   RO         1183    i.USB_ReadDevOutEPInterrupt  stm32f4xx_ll_usb.o
    0x080042ba   0x080042ba   0x00000008   Code   RO         1184    i.USB_ReadInterrupts  stm32f4xx_ll_usb.o
    0x080042c2   0x080042c2   0x0000001c   Code   RO         1185    i.USB_ReadPacket    stm32f4xx_ll_usb.o
    0x080042de   0x080042de   0x0000002e   Code   RO         1187    i.USB_SetCurrentMode  stm32f4xx_ll_usb.o
    0x0800430c   0x0800430c   0x00000022   Code   RO         1188    i.USB_SetDevAddress  stm32f4xx_ll_usb.o
    0x0800432e   0x0800432e   0x00000002   PAD
    0x08004330   0x08004330   0x000000e8   Code   RO         1190    i.USB_SetTurnaroundTime  stm32f4xx_ll_usb.o
    0x08004418   0x08004418   0x00000024   Code   RO         1193    i.USB_WritePacket   stm32f4xx_ll_usb.o
    0x0800443c   0x0800443c   0x00000002   Code   RO          775    i.UsageFault_Handler  stm32f4xx_it.o
    0x0800443e   0x0800443e   0x00000002   PAD
    0x08004440   0x08004440   0x00000028   Code   RO         3759    i.__0sprintf        mc_w.l(printfa.o)
    0x08004468   0x08004468   0x00000026   Code   RO         3825    i.__ARM_fpclassifyf  m_wm.l(fpclassifyf.o)
    0x0800448e   0x0800448e   0x00000020   Code   RO         2684    i.__NVIC_SetPriority  stm32f4xx_hal_cortex.o
    0x080044ae   0x080044ae   0x00000002   PAD
    0x080044b0   0x080044b0   0x0000012c   Code   RO         3463    i.__hardfp_asinf    m_wm.l(asinf.o)
    0x080045dc   0x080045dc   0x00000250   Code   RO         3475    i.__hardfp_atan2f   m_wm.l(atan2f.o)
    0x0800482c   0x0800482c   0x0000007a   Code   RO         3487    i.__hardfp_sqrt     m_wm.l(sqrt.o)
    0x080048a6   0x080048a6   0x0000003a   Code   RO         3499    i.__hardfp_sqrtf    m_wm.l(sqrtf.o)
    0x080048e0   0x080048e0   0x00000006   Code   RO         3828    i.__mathlib_flt_infnan  m_wm.l(funder.o)
    0x080048e6   0x080048e6   0x00000006   Code   RO         3829    i.__mathlib_flt_infnan2  m_wm.l(funder.o)
    0x080048ec   0x080048ec   0x00000010   Code   RO         3830    i.__mathlib_flt_invalid  m_wm.l(funder.o)
    0x080048fc   0x080048fc   0x00000010   Code   RO         3833    i.__mathlib_flt_underflow  m_wm.l(funder.o)
    0x0800490c   0x0800490c   0x0000000e   Code   RO         3894    i.__scatterload_copy  mc_w.l(handlers.o)
    0x0800491a   0x0800491a   0x00000002   Code   RO         3895    i.__scatterload_null  mc_w.l(handlers.o)
    0x0800491c   0x0800491c   0x0000000e   Code   RO         3896    i.__scatterload_zeroinit  mc_w.l(handlers.o)
    0x0800492a   0x0800492a   0x00000002   PAD
    0x0800492c   0x0800492c   0x0000000c   Code   RO         3870    i.__set_errno       mc_w.l(errno.o)
    0x08004938   0x08004938   0x00000184   Code   RO         3764    i._fp_digits        mc_w.l(printfa.o)
    0x08004abc   0x08004abc   0x000006dc   Code   RO         3765    i._printf_core      mc_w.l(printfa.o)
    0x08005198   0x08005198   0x00000024   Code   RO         3766    i._printf_post_padding  mc_w.l(printfa.o)
    0x080051bc   0x080051bc   0x0000002e   Code   RO         3767    i._printf_pre_padding  mc_w.l(printfa.o)
    0x080051ea   0x080051ea   0x0000000a   Code   RO         3769    i._sputc            mc_w.l(printfa.o)
    0x080051f4   0x080051f4   0x00000010   Code   RO           25    i.calibrateAccelGyro  main.o
    0x08005204   0x08005204   0x000003c4   Code   RO           26    i.calibrateMPU9250  main.o
    0x080055c8   0x080055c8   0x00000010   Code   RO           27    i.calibrateMag      main.o
    0x080055d8   0x080055d8   0x00000050   Code   RO         3785    i.free              mc_w.l(malloc.o)
    0x08005628   0x08005628   0x0000002c   Code   RO           28    i.isConnectedAK8963  main.o
    0x08005654   0x08005654   0x0000002c   Code   RO           29    i.isConnectedMPU9250  main.o
    0x08005680   0x08005680   0x0000035c   Code   RO           30    i.magcalMPU9250     main.o
    0x080059dc   0x080059dc   0x000002ac   Code   RO           31    i.main              main.o
    0x08005c88   0x08005c88   0x0000006c   Code   RO         3786    i.malloc            mc_w.l(malloc.o)
    0x08005cf4   0x08005cf4   0x000001a8   Code   RO           35    i.printRawData      main.o
    0x08005e9c   0x08005e9c   0x00000064   Code   RO           36    i.printRollPitchYaw  main.o
    0x08005f00   0x08005f00   0x000004b4   Code   RO           37    i.qFilterUpdate     main.o
    0x080063b4   0x080063b4   0x00000048   Code   RO           39    i.readMPU9250Data   main.o
    0x080063fc   0x080063fc   0x0000003c   Code   RO           40    i.readMagData       main.o
    0x08006438   0x08006438   0x00000016   Code   RO           41    i.readTempData      main.o
    0x0800644e   0x0800644e   0x0000003e   Code   RO         3501    i.sqrtf             m_wm.l(sqrtf.o)
    0x0800648c   0x0800648c   0x00000094   Code   RO           42    i.update            main.o
    0x08006520   0x08006520   0x000000a8   Code   RO           43    i.updateAccelGyro   main.o
    0x080065c8   0x080065c8   0x000000a0   Code   RO           44    i.updateMag         main.o
    0x08006668   0x08006668   0x00000180   Code   RO           45    i.updateRPY         main.o
    0x080067e8   0x080067e8   0x00000038   Code   RO           46    i.usbSend           main.o
    0x08006820   0x08006820   0x00000060   Code   RO           47    i.valInit           main.o
    0x08006880   0x08006880   0x0000000e   Data   RO           66    .constdata          main.o
    0x0800688e   0x0800688e   0x00000010   Data   RO         3061    .constdata          system_stm32f4xx.o
    0x0800689e   0x0800689e   0x00000008   Data   RO         3062    .constdata          system_stm32f4xx.o
    0x080068a6   0x080068a6   0x00000002   PAD
    0x080068a8   0x080068a8   0x00000020   Data   RO         3892    Region$$Table       anon$$obj.o


    Execution Region RW_IRAM1 (Exec base: 0x20000000, Load base: 0x080068c8, Size: 0x000021e8, Max: 0x00020000, ABSOLUTE, COMPRESSED[0x000000f8])

    Exec Addr    Load Addr    Size         Type   Attr      Idx    E Section Name        Object

    0x20000000   COMPRESSED   0x00000094   Data   RW           67    .data               main.o
    0x20000094   COMPRESSED   0x0000001c   Data   RW          637    .data               usbd_desc.o
    0x200000b0   COMPRESSED   0x00000032   Data   RW          638    .data               usbd_desc.o
    0x200000e2   COMPRESSED   0x00000002   PAD
    0x200000e4   COMPRESSED   0x00000010   Data   RW          720    .data               usbd_cdc_if.o
    0x200000f4   COMPRESSED   0x0000000c   Data   RW         2828    .data               stm32f4xx_hal.o
    0x20000100   COMPRESSED   0x00000004   Data   RW         3063    .data               system_stm32f4xx.o
    0x20000104   COMPRESSED   0x00000001   Data   RW         3243    .data               usbd_ctlreq.o
    0x20000105   COMPRESSED   0x00000003   PAD
    0x20000108   COMPRESSED   0x000000d7   Data   RW         3375    .data               usbd_cdc.o
    0x200001df   COMPRESSED   0x00000001   PAD
    0x200001e0   COMPRESSED   0x00000038   Data   RW         3376    .data               usbd_cdc.o
    0x20000218   COMPRESSED   0x00000004   Data   RW         3866    .data               mc_w.l(mvars.o)
    0x2000021c   COMPRESSED   0x00000004   Data   RW         3867    .data               mc_w.l(mvars.o)
    0x20000220   COMPRESSED   0x00000004   Data   RW         3871    .data               mc_w.l(errno.o)
    0x20000224        -       0x0000011b   Zero   RW           48    .bss                main.o
    0x2000033f   COMPRESSED   0x00000001   PAD
    0x20000340        -       0x0000029c   Zero   RW          386    .bss                usb_device.o
    0x200005dc        -       0x00000408   Zero   RW          462    .bss                usbd_conf.o
    0x200009e4        -       0x00000200   Zero   RW          636    .bss                usbd_desc.o
    0x20000be4        -       0x00001000   Zero   RW          719    .bss                usbd_cdc_if.o
    0x20001be4   COMPRESSED   0x00000004   PAD
    0x20001be8        -       0x00000200   Zero   RW            2    HEAP                startup_stm32f407xx.o
    0x20001de8        -       0x00000400   Zero   RW            1    STACK               startup_stm32f407xx.o


==============================================================================

Image component sizes


      Code (inc. data)   RO Data    RW Data    ZI Data      Debug   Object Name

      7248       1390         14        148        283     690016   main.o
        36          8        392          0       1536        824   startup_stm32f407xx.o
       180         28          0         12          0       9297   stm32f4xx_hal.o
       198         14          0          0          0      33863   stm32f4xx_hal_cortex.o
       460         46          0          0          0       3007   stm32f4xx_hal_gpio.o
      2174         52          0          0          0      12726   stm32f4xx_hal_i2c.o
       156         16          0          0          0       1520   stm32f4xx_hal_msp.o
      2372         18          0          0          0      12709   stm32f4xx_hal_pcd.o
        78          0          0          0          0       2345   stm32f4xx_hal_pcd_ex.o
      1308         72          0          0          0       5033   stm32f4xx_hal_rcc.o
        32          6          0          0          0       4418   stm32f4xx_it.o
      2546        140          0          0          0      22367   stm32f4xx_ll_usb.o
        28          6         24          4          0       1091   system_stm32f4xx.o
        84         18          0          0        668       2475   usb_device.o
       730         16          0        271          0      13258   usbd_cdc.o
       112         22          0         16       4096       3200   usbd_cdc_if.o
       634         20          0          0       1032      14560   usbd_conf.o
       696          0          0          0          0      12069   usbd_core.o
      1186         28          0          1          0       8000   usbd_ctlreq.o
       288        104          0         78        512       5789   usbd_desc.o
       132          0          0          0          0       4416   usbd_ioreq.o

    ----------------------------------------------------------------------
     20700       2004        464        536       8132     862983   Object Totals
         0          0         32          0          0          0   (incl. Generated)
        22          0          2          6          5          0   (incl. Padding)

    ----------------------------------------------------------------------

      Code (inc. data)   RO Data    RW Data    ZI Data      Debug   Library Member Name

       300         42          0          0          0        176   asinf.o
       592         90          0          0          0        184   atan2f.o
        38          0          0          0          0        116   fpclassifyf.o
        44         12          0          0          0        464   funder.o
       122          0          0          0          0        148   sqrt.o
       120          0          0          0          0        272   sqrtf.o
        86          0          0          0          0          0   __dczerorl2.o
         0          0          0          0          0          0   entry.o
         0          0          0          0          0          0   entry10a.o
         0          0          0          0          0          0   entry11a.o
         8          4          0          0          0          0   entry2.o
         4          0          0          0          0          0   entry5.o
         0          0          0          0          0          0   entry7b.o
         0          0          0          0          0          0   entry8b.o
         8          4          0          0          0          0   entry9a.o
        12          6          0          4          0         68   errno.o
        30          0          0          0          0          0   handlers.o
        36          8          0          0          0         68   init.o
         0          0          0          0          0          0   iusefp.o
        30          0          0          0          0         68   llshl.o
        36          0          0          0          0         68   llsshr.o
        32          0          0          0          0         68   llushr.o
       188         20          0          0          0        160   malloc.o
        36          0          0          0          0         68   memcpya.o
        36          0          0          0          0        108   memseta.o
         0          0          0          8          0          0   mvars.o
      2276         86          0          0          0        520   printfa.o
        14          0          0          0          0         68   strlen.o
        44          0          0          0          0         80   uidiv.o
        98          0          0          0          0         92   uldiv.o
        48          0          0          0          0         68   cdrcmple.o
        56          0          0          0          0         88   d2f.o
       334          0          0          0          0        148   dadd.o
       222          0          0          0          0        100   ddiv.o
       186          0          0          0          0        176   depilogue.o
        48          0          0          0          0         68   dfixul.o
        34          0          0          0          0         76   dflti.o
       228          0          0          0          0         96   dmul.o
       162          0          0          0          0        100   dsqrt.o
        38          0          0          0          0         68   f2d.o
       110          0          0          0          0        168   fepilogue.o

    ----------------------------------------------------------------------
      5660        272          0         12          0       3952   Library Totals
         4          0          0          0          0          0   (incl. Padding)

    ----------------------------------------------------------------------

      Code (inc. data)   RO Data    RW Data    ZI Data      Debug   Library Name

      1216        144          0          0          0       1360   m_wm.l
      2974        128          0         12          0       1436   mc_w.l
      1466          0          0          0          0       1156   mf_w.l

    ----------------------------------------------------------------------
      5660        272          0         12          0       3952   Library Totals

    ----------------------------------------------------------------------

==============================================================================


      Code (inc. data)   RO Data    RW Data    ZI Data      Debug   

     26360       2276        464        548       8132     845567   Grand Totals
     26360       2276        464        248       8132     845567   ELF Image Totals (compressed)
     26360       2276        464        248          0          0   ROM Totals

==============================================================================

    Total RO  Size (Code + RO Data)                26824 (  26.20kB)
    Total RW  Size (RW Data + ZI Data)              8680 (   8.48kB)
    Total ROM Size (Code + RO Data + RW Data)      27072 (  26.44kB)

==============================================================================

